Component: Arm Compiler for Embedded 6.21 Tool: armlink [5ec1fa00]

==============================================================================

Section Cross References

    startup_stm32f103xb.o(STACK) refers (Special) to heapauxi.o(.text) for __use_two_region_memory
    startup_stm32f103xb.o(HEAP) refers (Special) to heapauxi.o(.text) for __use_two_region_memory
    startup_stm32f103xb.o(RESET) refers (Special) to heapauxi.o(.text) for __use_two_region_memory
    startup_stm32f103xb.o(RESET) refers to startup_stm32f103xb.o(STACK) for __initial_sp
    startup_stm32f103xb.o(RESET) refers to startup_stm32f103xb.o(.text) for Reset_Handler
    startup_stm32f103xb.o(RESET) refers to stm32f1xx_it.o(.text.NMI_Handler) for NMI_Handler
    startup_stm32f103xb.o(RESET) refers to stm32f1xx_it.o(.text.HardFault_Handler) for HardFault_Handler
    startup_stm32f103xb.o(RESET) refers to stm32f1xx_it.o(.text.MemManage_Handler) for MemManage_Handler
    startup_stm32f103xb.o(RESET) refers to stm32f1xx_it.o(.text.BusFault_Handler) for BusFault_Handler
    startup_stm32f103xb.o(RESET) refers to stm32f1xx_it.o(.text.UsageFault_Handler) for UsageFault_Handler
    startup_stm32f103xb.o(RESET) refers to stm32f1xx_it.o(.text.SVC_Handler) for SVC_Handler
    startup_stm32f103xb.o(RESET) refers to stm32f1xx_it.o(.text.DebugMon_Handler) for DebugMon_Handler
    startup_stm32f103xb.o(RESET) refers to stm32f1xx_it.o(.text.PendSV_Handler) for PendSV_Handler
    startup_stm32f103xb.o(RESET) refers to stm32f1xx_it.o(.text.SysTick_Handler) for SysTick_Handler
    startup_stm32f103xb.o(RESET) refers to stm32f1xx_it.o(.text.TIM4_IRQHandler) for TIM4_IRQHandler
    startup_stm32f103xb.o(.text) refers (Special) to heapauxi.o(.text) for __use_two_region_memory
    startup_stm32f103xb.o(.text) refers to system_stm32f1xx.o(.text.SystemInit) for SystemInit
    startup_stm32f103xb.o(.text) refers to __main.o(!!!main) for __main
    startup_stm32f103xb.o(.text) refers to startup_stm32f103xb.o(HEAP) for Heap_Mem
    startup_stm32f103xb.o(.text) refers to startup_stm32f103xb.o(STACK) for Stack_Mem
    main.o(.text.fputc) refers to main.o(.bss.huart1) for huart1
    main.o(.text.fputc) refers to stm32f1xx_hal_uart.o(.text.HAL_UART_Transmit) for HAL_UART_Transmit
    main.o(.ARM.exidx.text.fputc) refers to main.o(.text.fputc) for [Anonymous Symbol]
    main.o(.text.HAL_TIM_PeriodElapsedCallback) refers to main.o(.bss.f_mpu) for f_mpu
    main.o(.ARM.exidx.text.HAL_TIM_PeriodElapsedCallback) refers to main.o(.text.HAL_TIM_PeriodElapsedCallback) for [Anonymous Symbol]
    main.o(.text.main) refers to stm32f1xx_hal.o(.text.HAL_Init) for HAL_Init
    main.o(.text.main) refers to main.o(.text.SystemClock_Config) for SystemClock_Config
    main.o(.text.main) refers to main.o(.text.MX_GPIO_Init) for MX_GPIO_Init
    main.o(.text.main) refers to main.o(.text.MX_I2C1_Init) for MX_I2C1_Init
    main.o(.text.main) refers to main.o(.text.MX_TIM3_Init) for MX_TIM3_Init
    main.o(.text.main) refers to main.o(.text.MX_USART1_UART_Init) for MX_USART1_UART_Init
    main.o(.text.main) refers to main.o(.text.MX_TIM4_Init) for MX_TIM4_Init
    main.o(.text.main) refers to main.o(.bss.hi2c1) for hi2c1
    main.o(.text.main) refers to mpu6050.o(.text.MPU6050_Init) for MPU6050_Init
    main.o(.text.main) refers to main.o(.rodata.str1.1) for .L.str
    main.o(.text.main) refers to printf.o(.text) for printf
    main.o(.text.main) refers to stm32f1xx_hal.o(.text.HAL_Delay) for HAL_Delay
    main.o(.text.main) refers to main.o(.bss.mpu_data) for mpu_data
    main.o(.text.main) refers to mpu6050.o(.text.MPU6050_Calibrate_Gyro) for MPU6050_Calibrate_Gyro
    main.o(.text.main) refers to f2d.o(x$fpl$f2d) for __aeabi_f2d
    main.o(.text.main) refers to mpu6050.o(.text.MPU6050_Read_All) for MPU6050_Read_All
    main.o(.text.main) refers to main.o(.data.dt) for dt
    main.o(.text.main) refers to mpu6050.o(.text.MPU6050_ComputePitch) for MPU6050_ComputePitch
    main.o(.text.main) refers to main.o(.bss.htim4) for htim4
    main.o(.text.main) refers to stm32f1xx_hal_tim.o(.text.HAL_TIM_Base_Start_IT) for HAL_TIM_Base_Start_IT
    main.o(.text.main) refers to main.o(.bss.f_mpu) for f_mpu
    main.o(.ARM.exidx.text.main) refers to main.o(.text.main) for [Anonymous Symbol]
    main.o(.text.SystemClock_Config) refers to rt_memclr_w.o(.text) for __aeabi_memclr4
    main.o(.text.SystemClock_Config) refers to stm32f1xx_hal_rcc.o(.text.HAL_RCC_OscConfig) for HAL_RCC_OscConfig
    main.o(.text.SystemClock_Config) refers to main.o(.text.Error_Handler) for Error_Handler
    main.o(.text.SystemClock_Config) refers to stm32f1xx_hal_rcc.o(.text.HAL_RCC_ClockConfig) for HAL_RCC_ClockConfig
    main.o(.ARM.exidx.text.SystemClock_Config) refers to main.o(.text.SystemClock_Config) for [Anonymous Symbol]
    main.o(.text.MX_GPIO_Init) refers to stm32f1xx_hal_gpio.o(.text.HAL_GPIO_WritePin) for HAL_GPIO_WritePin
[...]
    __NVIC_EnableIRQ                         0x08004fcd   Thumb Code    48  stm32f1xx_hal_cortex.o(.text.__NVIC_EnableIRQ)
    [Anonymous Symbol]                       0x08004fcc   Section        0  stm32f1xx_hal_cortex.o(.text.__NVIC_EnableIRQ)
    __NVIC_GetPriorityGrouping               0x08004ffd   Thumb Code    16  stm32f1xx_hal_cortex.o(.text.__NVIC_GetPriorityGrouping)
    [Anonymous Symbol]                       0x08004ffc   Section        0  stm32f1xx_hal_cortex.o(.text.__NVIC_GetPriorityGrouping)
    __NVIC_SetPriority                       0x0800500d   Thumb Code    66  stm32f1xx_hal_cortex.o(.text.__NVIC_SetPriority)
    [Anonymous Symbol]                       0x0800500c   Section        0  stm32f1xx_hal_cortex.o(.text.__NVIC_SetPriority)
    __NVIC_SetPriorityGrouping               0x08005051   Thumb Code    60  stm32f1xx_hal_cortex.o(.text.__NVIC_SetPriorityGrouping)
    [Anonymous Symbol]                       0x08005050   Section        0  stm32f1xx_hal_cortex.o(.text.__NVIC_SetPriorityGrouping)
    [Anonymous Symbol]                       0x0800508c   Section        0  main.o(.text.fputc)
    [Anonymous Symbol]                       0x080050b0   Section        0  main.o(.text.main)
    CL$$btod_d2e                             0x08005280   Section       62  btod.o(CL$$btod_d2e)
    CL$$btod_d2e_denorm_low                  0x080052be   Section       70  btod.o(CL$$btod_d2e_denorm_low)
    CL$$btod_d2e_norm_op1                    0x08005304   Section       96  btod.o(CL$$btod_d2e_norm_op1)
    CL$$btod_div_common                      0x08005364   Section      824  btod.o(CL$$btod_div_common)
    CL$$btod_e2e                             0x0800569c   Section      220  btod.o(CL$$btod_e2e)
    CL$$btod_ediv                            0x08005778   Section       42  btod.o(CL$$btod_ediv)
    CL$$btod_emul                            0x080057a2   Section       42  btod.o(CL$$btod_emul)
    CL$$btod_mult_common                     0x080057cc   Section      580  btod.o(CL$$btod_mult_common)
    i.__ARM_fpclassify                       0x08005a10   Section        0  fpclassify.o(i.__ARM_fpclassify)
    i.__ARM_fpclassifyf                      0x08005a38   Section        0  fpclassifyf.o(i.__ARM_fpclassifyf)
    i.__mathlib_flt_infnan2                  0x08005a5e   Section        0  funder.o(i.__mathlib_flt_infnan2)
    i.__mathlib_flt_underflow                0x08005a62   Section        0  funder.o(i.__mathlib_flt_underflow)
    i._is_digit                              0x08005a6c   Section        0  __printf_wp.o(i._is_digit)
    i.atan2f                                 0x08005a7c   Section        0  atan2f.o(i.atan2f)
    i.sqrtf                                  0x08005d20   Section        0  sqrtf.o(i.sqrtf)
    locale$$code                             0x08005d4c   Section       44  lc_numeric_c.o(locale$$code)
    locale$$code                             0x08005d78   Section       44  lc_ctype_c.o(locale$$code)
    x$fpl$d2f                                0x08005da4   Section       98  d2f.o(x$fpl$d2f)
    x$fpl$dadd                               0x08005e08   Section      336  daddsub_clz.o(x$fpl$dadd)
    _dadd1                                   0x08005e19   Thumb Code     0  daddsub_clz.o(x$fpl$dadd)
    x$fpl$ddiv                               0x08005f58   Section      692  ddiv.o(x$fpl$ddiv)
    ddiv_entry                               0x08005f5f   Thumb Code     0  ddiv.o(x$fpl$ddiv)
    x$fpl$dflt                               0x0800620c   Section       46  dflt_clz.o(x$fpl$dflt)
    x$fpl$dnaninf                            0x0800623a   Section      156  dnaninf.o(x$fpl$dnaninf)
    x$fpl$dretinf                            0x080062d6   Section       12  dretinf.o(x$fpl$dretinf)
    x$fpl$dsub                               0x080062e4   Section      476  daddsub_clz.o(x$fpl$dsub)
    _dsub1                                   0x080062f5   Thumb Code     0  daddsub_clz.o(x$fpl$dsub)
    x$fpl$f2d                                0x080064c0   Section       86  f2d.o(x$fpl$f2d)
    x$fpl$fadd                               0x08006518   Section      196  faddsub_clz.o(x$fpl$fadd)
    _fadd1                                   0x08006527   Thumb Code     0  faddsub_clz.o(x$fpl$fadd)
    x$fpl$fcheck1                            0x080065dc   Section       12  fcheck1.o(x$fpl$fcheck1)
    _fdiv1                                   0x080065e9   Thumb Code     0  fdiv.o(x$fpl$fdiv)
    x$fpl$fdiv                               0x080065e8   Section      388  fdiv.o(x$fpl$fdiv)
    x$fpl$fmul                               0x0800676c   Section      258  fmul.o(x$fpl$fmul)
    x$fpl$fnaninf                            0x0800686e   Section      140  fnaninf.o(x$fpl$fnaninf)
    x$fpl$fretinf                            0x080068fa   Section       10  fretinf.o(x$fpl$fretinf)
    x$fpl$frsb                               0x08006904   Section       20  faddsub_clz.o(x$fpl$frsb)
    x$fpl$fsqrt                              0x08006918   Section      272  fsqrt.o(x$fpl$fsqrt)
    x$fpl$fsub                               0x08006a28   Section      234  faddsub_clz.o(x$fpl$fsub)
    _fsub1                                   0x08006a37   Thumb Code     0  faddsub_clz.o(x$fpl$fsub)
    x$fpl$printf1                            0x08006b12   Section        4  printf1.o(x$fpl$printf1)
    x$fpl$printf2                            0x08006b16   Section        4  printf2.o(x$fpl$printf2)
    x$fpl$retnan                             0x08006b1a   Section      100  retnan.o(x$fpl$retnan)
    x$fpl$scalbnf                            0x08006b7e   Section       76  scalbnf.o(x$fpl$scalbnf)
    x$fpl$trapveneer                         0x08006bca   Section       48  trapv.o(x$fpl$trapveneer)
    x$fpl$usenofp                            0x08006bfa   Section        0  usenofp.o(x$fpl$usenofp)
    initial_mbstate                          0x08006bfc   Data           8  _printf_wctomb.o(.constdata)
    .constdata                               0x08006bfc   Section        8  _printf_wctomb.o(.constdata)
    uc_hextab                                0x08006c04   Data          20  _printf_hex_int_ll_ptr.o(.constdata)
    .constdata                               0x08006c04   Section       40  _printf_hex_int_ll_ptr.o(.constdata)
    lc_hextab                                0x08006c18   Data          20  _printf_hex_int_ll_ptr.o(.constdata)
    maptable                                 0x08006c2c   Data          17  __printf_flags_ss_wp.o(.constdata)
    .constdata                               0x08006c2c   Section       17  __printf_flags_ss_wp.o(.constdata)
    lc_hextab                                0x08006c3d   Data          19  _printf_fp_hex.o(.constdata)
    .constdata                               0x08006c3d   Section       38  _printf_fp_hex.o(.constdata)
    uc_hextab                                0x08006c50   Data          19  _printf_fp_hex.o(.constdata)
    tenpwrs_x                                0x08006c64   Data          60  bigflt0.o(.constdata)
    .constdata                               0x08006c64   Section      148  bigflt0.o(.constdata)
    tenpwrs_i                                0x08006ca0   Data          64  bigflt0.o(.constdata)
    HAL_RCC_GetSysClockFreq.aPLLMULFactorTable 0x08006d10   Data          16  stm32f1xx_hal_rcc.o(.rodata.HAL_RCC_GetSysClockFreq.aPLLMULFactorTable)
    [Anonymous Symbol]                       0x08006d10   Section        0  stm32f1xx_hal_rcc.o(.rodata.HAL_RCC_GetSysClockFreq.aPLLMULFactorTable)
    HAL_RCC_GetSysClockFreq.aPredivFactorTable 0x08006d20   Data           2  stm32f1xx_hal_rcc.o(.rodata.HAL_RCC_GetSysClockFreq.aPredivFactorTable)
    [Anonymous Symbol]                       0x08006d20   Section        0  stm32f1xx_hal_rcc.o(.rodata.HAL_RCC_GetSysClockFreq.aPredivFactorTable)
    .L.str.2                                 0x08006d22   Data          42  main.o(.rodata.str1.1)
    [Anonymous Symbol]                       0x08006d22   Section        0  main.o(.rodata.str1.1)
    .L.str.1                                 0x08006d4c   Data          27  main.o(.rodata.str1.1)
    .L.str                                   0x08006d67   Data          36  main.o(.rodata.str1.1)
    .L.str.3                                 0x08006d8b   Data          44  main.o(.rodata.str1.1)
    .L.str.4                                 0x08006db7   Data          40  main.o(.rodata.str1.1)
    locale$$data                             0x08006e00   Section       28  lc_numeric_c.o(locale$$data)
    __lcnum_c_name                           0x08006e04   Data           2  lc_numeric_c.o(locale$$data)
    __lcnum_c_start                          0x08006e0c   Data           0  lc_numeric_c.o(locale$$data)
    __lcnum_c_point                          0x08006e18   Data           0  lc_numeric_c.o(locale$$data)
    __lcnum_c_thousands                      0x08006e1a   Data           0  lc_numeric_c.o(locale$$data)
    __lcnum_c_grouping                       0x08006e1b   Data           0  lc_numeric_c.o(locale$$data)
    __lcnum_c_end                            0x08006e1c   Data           0  lc_numeric_c.o(locale$$data)
    locale$$data                             0x08006e1c   Section      272  lc_ctype_c.o(locale$$data)
    __lcctype_c_name                         0x08006e20   Data           2  lc_ctype_c.o(locale$$data)
    __lcctype_c_start                        0x08006e28   Data           0  lc_ctype_c.o(locale$$data)
    __lcctype_c_end                          0x08006f2c   Data           0  lc_ctype_c.o(locale$$data)
    .bss                                     0x20000010   Section       96  libspace.o(.bss)
    Heap_Mem                                 0x20000228   Data         512  startup_stm32f103xb.o(HEAP)
    HEAP                                     0x20000228   Section      512  startup_stm32f103xb.o(HEAP)
    Stack_Mem                                0x20000428   Data        1024  startup_stm32f103xb.o(STACK)
    STACK                                    0x20000428   Section     1024  startup_stm32f103xb.o(STACK)
    __initial_sp                             0x20000828   Data           0  startup_stm32f103xb.o(STACK)

    Global Symbols

    Symbol Name                              Value     Ov Type        Size  Object(Section)

    BuildAttributes$$THM_ISAv4$P$D$K$B$S$PE$A:L22UL41UL21$X:L11$S22US41US21$IEEE1$IW$~IW$USESV6$~STKCKD$USESV7$~SHL$OTIME$ROPI$IEEEX$EBA8$UX$STANDARDLIB$REQ8$PRES8$EABIv2 0x00000000   Number         0  anon$$obj.o ABSOLUTE
    __fp_init_empty                          0x00000000   Number         0  fpinit_empty.o ABSOLUTE
    _printf_flags                            0x00000000   Number         0  printf_stubs.o ABSOLUTE
    _printf_return_value                     0x00000000   Number         0  printf_stubs.o ABSOLUTE
    _printf_sizespec                         0x00000000   Number         0  printf_stubs.o ABSOLUTE
    _printf_widthprec                        0x00000000   Number         0  printf_stubs.o ABSOLUTE
    __ARM_exceptions_init                     - Undefined Weak Reference
    __alloca_initialize                       - Undefined Weak Reference
    __arm_preinit_                            - Undefined Weak Reference
    __arm_relocate_pie_                       - Undefined Weak Reference
    __cpp_initialize__aeabi_                  - Undefined Weak Reference
    __cxa_finalize                            - Undefined Weak Reference
    __sigvec_lookup                           - Undefined Weak Reference
    _atexit_init                              - Undefined Weak Reference
    _call_atexit_fns                          - Undefined Weak Reference
    _clock_init                               - Undefined Weak Reference
    _fp_trap_init                             - Undefined Weak Reference
    _fp_trap_shutdown                         - Undefined Weak Reference
    _get_lc_collate                           - Undefined Weak Reference
    _get_lc_monetary                          - Undefined Weak Reference
    _get_lc_time                              - Undefined Weak Reference
    _getenv_init                              - Undefined Weak Reference
    _handle_redirection                       - Undefined Weak Reference
    _init_alloc                               - Undefined Weak Reference
    _init_user_alloc                          - Undefined Weak Reference
    _initio                                   - Undefined Weak Reference
    _mutex_acquire                            - Undefined Weak Reference
    _mutex_release                            - Undefined Weak Reference
    _printf_mbtowc                            - Undefined Weak Reference
    _printf_wc                                - Undefined Weak Reference
    _rand_init                                - Undefined Weak Reference
    _signal_finish                            - Undefined Weak Reference
    _signal_init                              - Undefined Weak Reference
    _terminate_alloc                          - Undefined Weak Reference
    _terminate_user_alloc                     - Undefined Weak Reference
    _terminateio                              - Undefined Weak Reference
    __Vectors_Size                           0x000000ec   Number         0  startup_stm32f103xb.o ABSOLUTE
    __Vectors                                0x08000000   Data           4  startup_stm32f103xb.o(RESET)
    __Vectors_End                            0x080000ec   Data           0  startup_stm32f103xb.o(RESET)
    __main                                   0x080000ed   Thumb Code     8  __main.o(!!!main)
    __scatterload                            0x080000f5   Thumb Code     0  __scatter.o(!!!scatter)
    __scatterload_rt2                        0x080000f5   Thumb Code    84  __scatter.o(!!!scatter)
    __scatterload_rt2_thumb_only             0x080000f5   Thumb Code     0  __scatter.o(!!!scatter)
    __scatterload_loop                       0x080000ff   Thumb Code     0  __scatter.o(!!!scatter)
    __scatterload_copy                       0x08000151   Thumb Code    26  __scatter_copy.o(!!handler_copy)
    __scatterload_null                       0x0800016d   Thumb Code     2  __scatter.o(!!handler_null)
    __scatterload_zeroinit                   0x08000171   Thumb Code    28  __scatter_zi.o(!!handler_zi)
    _printf_n                                0x0800018d   Thumb Code     0  _printf_n.o(.ARM.Collect$$_printf_percent$$00000001)
    _printf_percent                          0x0800018d   Thumb Code     0  _printf_percent.o(.ARM.Collect$$_printf_percent$$00000000)
    _printf_p                                0x08000193   Thumb Code     0  _printf_p.o(.ARM.Collect$$_printf_percent$$00000002)
    _printf_f                                0x08000199   Thumb Code     0  _printf_f.o(.ARM.Collect$$_printf_percent$$00000003)
    _printf_e                                0x0800019f   Thumb Code     0  _printf_e.o(.ARM.Collect$$_printf_percent$$00000004)
    _printf_g                                0x080001a5   Thumb Code     0  _printf_g.o(.ARM.Collect$$_printf_percent$$00000005)
    _printf_a                                0x080001ab   Thumb Code     0  _printf_a.o(.ARM.Collect$$_printf_percent$$00000006)
    _printf_ll                               0x080001b1   Thumb Code     0  _printf_ll.o(.ARM.Collect$$_printf_percent$$00000007)
    _printf_i                                0x080001bb   Thumb Code     0  _printf_i.o(.ARM.Collect$$_printf_percent$$00000008)
    _printf_d                                0x080001c1   Thumb Code     0  _printf_d.o(.ARM.Collect$$_printf_percent$$00000009)
    _printf_u                                0x080001c7   Thumb Code     0  _printf_u.o(.ARM.Collect$$_printf_percent$$0000000A)
    _printf_o                                0x080001cd   Thumb Code     0  _printf_o.o(.ARM.Collect$$_printf_percent$$0000000B)
    _printf_x                                0x080001d3   Thumb Code     0  _printf_x.o(.ARM.Collect$$_printf_percent$$0000000C)
    _printf_lli                              0x080001d9   Thumb Code     0  _printf_lli.o(.ARM.Collect$$_printf_percent$$0000000D)
    _printf_lld                              0x080001df   Thumb Code     0  _printf_lld.o(.ARM.Collect$$_printf_percent$$0000000E)
    _printf_llu                              0x080001e5   Thumb Code     0  _printf_llu.o(.ARM.Collect$$_printf_percent$$0000000F)
    _printf_llo                              0x080001eb   Thumb Code     0  _printf_llo.o(.ARM.Collect$$_printf_percent$$00000010)
    _printf_llx                              0x080001f1   Thumb Code     0  _printf_llx.o(.ARM.Collect$$_printf_percent$$00000011)
    _printf_l                                0x080001f7   Thumb Code     0  _printf_l.o(.ARM.Collect$$_printf_percent$$00000012)
    _printf_c                                0x08000201   Thumb Code     0  _printf_c.o(.ARM.Collect$$_printf_percent$$00000013)
    _printf_s                                0x08000207   Thumb Code     0  _printf_s.o(.ARM.Collect$$_printf_percent$$00000014)
    _printf_lc                               0x0800020d   Thumb Code     0  _printf_lc.o(.ARM.Collect$$_printf_percent$$00000015)
    _printf_ls                               0x08000213   Thumb Code     0  _printf_ls.o(.ARM.Collect$$_printf_percent$$00000016)
    _printf_percent_end                      0x08000219   Thumb Code     0  _printf_percent_end.o(.ARM.Collect$$_printf_percent$$00000017)
    __rt_lib_init                            0x0800021d   Thumb Code     0  libinit.o(.ARM.Collect$$libinit$$00000000)
    __rt_lib_init_fp_1                       0x0800021f   Thumb Code     0  libinit2.o(.ARM.Collect$$libinit$$00000002)
    __rt_lib_init_heap_1                     0x0800021f   Thumb Code     0  libinit2.o(.ARM.Collect$$libinit$$0000000C)
    __rt_lib_init_lc_common                  0x0800021f   Thumb Code     0  libinit2.o(.ARM.Collect$$libinit$$00000011)
    __rt_lib_init_preinit_1                  0x0800021f   Thumb Code     0  libinit2.o(.ARM.Collect$$libinit$$00000006)
    __rt_lib_init_rand_1                     0x0800021f   Thumb Code     0  libinit2.o(.ARM.Collect$$libinit$$00000010)
    __rt_lib_init_relocate_pie_1             0x0800021f   Thumb Code     0  libinit2.o(.ARM.Collect$$libinit$$00000004)
    __rt_lib_init_user_alloc_1               0x0800021f   Thumb Code     0  libinit2.o(.ARM.Collect$$libinit$$0000000E)
    __rt_lib_init_lc_collate_1               0x08000225   Thumb Code     0  libinit2.o(.ARM.Collect$$libinit$$00000013)
    __rt_lib_init_lc_ctype_2                 0x08000225   Thumb Code     0  libinit2.o(.ARM.Collect$$libinit$$00000014)
    __rt_lib_init_lc_ctype_1                 0x08000231   Thumb Code     0  libinit2.o(.ARM.Collect$$libinit$$00000015)
    __rt_lib_init_lc_monetary_1              0x08000231   Thumb Code     0  libinit2.o(.ARM.Collect$$libinit$$00000017)
    __rt_lib_init_lc_numeric_2               0x08000231   Thumb Code     0  libinit2.o(.ARM.Collect$$libinit$$00000018)
    __rt_lib_init_alloca_1                   0x0800023b   Thumb Code     0  libinit2.o(.ARM.Collect$$libinit$$00000030)
    __rt_lib_init_argv_1                     0x0800023b   Thumb Code     0  libinit2.o(.ARM.Collect$$libinit$$0000002E)
    __rt_lib_init_atexit_1                   0x0800023b   Thumb Code     0  libinit2.o(.ARM.Collect$$libinit$$0000001D)
    __rt_lib_init_clock_1                    0x0800023b   Thumb Code     0  libinit2.o(.ARM.Collect$$libinit$$00000023)
    __rt_lib_init_cpp_1                      0x0800023b   Thumb Code     0  libinit2.o(.ARM.Collect$$libinit$$00000034)
    __rt_lib_init_exceptions_1               0x0800023b   Thumb Code     0  libinit2.o(.ARM.Collect$$libinit$$00000032)
    __rt_lib_init_fp_trap_1                  0x0800023b   Thumb Code     0  libinit2.o(.ARM.Collect$$libinit$$00000021)
    __rt_lib_init_getenv_1                   0x0800023b   Thumb Code     0  libinit2.o(.ARM.Collect$$libinit$$00000025)
    __rt_lib_init_lc_numeric_1               0x0800023b   Thumb Code     0  libinit2.o(.ARM.Collect$$libinit$$00000019)
    __rt_lib_init_lc_time_1                  0x0800023b   Thumb Code     0  libinit2.o(.ARM.Collect$$libinit$$0000001B)
    __rt_lib_init_return                     0x0800023b   Thumb Code     0  libinit2.o(.ARM.Collect$$libinit$$00000035)
    __rt_lib_init_signal_1                   0x0800023b   Thumb Code     0  libinit2.o(.ARM.Collect$$libinit$$0000001F)
    __rt_lib_init_stdio_1                    0x0800023b   Thumb Code     0  libinit2.o(.ARM.Collect$$libinit$$00000027)
    __rt_lib_shutdown                        0x0800023d   Thumb Code     0  libshutdown.o(.ARM.Collect$$libshutdown$$00000000)
    __rt_lib_shutdown_cpp_1                  0x0800023f   Thumb Code     0  libshutdown2.o(.ARM.Collect$$libshutdown$$00000002)
    __rt_lib_shutdown_fp_trap_1              0x0800023f   Thumb Code     0  libshutdown2.o(.ARM.Collect$$libshutdown$$00000007)
    __rt_lib_shutdown_heap_1                 0x0800023f   Thumb Code     0  libshutdown2.o(.ARM.Collect$$libshutdown$$0000000F)
    __rt_lib_shutdown_return                 0x0800023f   Thumb Code     0  libshutdown2.o(.ARM.Collect$$libshutdown$$00000010)
    __rt_lib_shutdown_signal_1               0x0800023f   Thumb Code     0  libshutdown2.o(.ARM.Collect$$libshutdown$$0000000A)
    __rt_lib_shutdown_stdio_1                0x0800023f   Thumb Code     0  libshutdown2.o(.ARM.Collect$$libshutdown$$00000004)
    __rt_lib_shutdown_user_alloc_1           0x0800023f   Thumb Code     0  libshutdown2.o(.ARM.Collect$$libshutdown$$0000000C)
    __rt_entry                               0x08000241   Thumb Code     0  __rtentry.o(.ARM.Collect$$rtentry$$00000000)
    __rt_entry_presh_1                       0x08000241   Thumb Code     0  __rtentry2.o(.ARM.Collect$$rtentry$$00000002)
    __rt_entry_sh                            0x08000241   Thumb Code     0  __rtentry4.o(.ARM.Collect$$rtentry$$00000004)
    __rt_entry_li                            0x08000247   Thumb Code     0  __rtentry2.o(.ARM.Collect$$rtentry$$0000000A)
    __rt_entry_postsh_1                      0x08000247   Thumb Code     0  __rtentry2.o(.ARM.Collect$$rtentry$$00000009)
    __rt_entry_main                          0x0800024b   Thumb Code     0  __rtentry2.o(.ARM.Collect$$rtentry$$0000000D)
    __rt_entry_postli_1                      0x0800024b   Thumb Code     0  __rtentry2.o(.ARM.Collect$$rtentry$$0000000C)
    __rt_exit                                0x08000253   Thumb Code     0  rtexit.o(.ARM.Collect$$rtexit$$00000000)
    __rt_exit_ls                             0x08000255   Thumb Code     0  rtexit2.o(.ARM.Collect$$rtexit$$00000003)
    __rt_exit_prels_1                        0x08000255   Thumb Code     0  rtexit2.o(.ARM.Collect$$rtexit$$00000002)
    __rt_exit_exit                           0x08000259   Thumb Code     0  rtexit2.o(.ARM.Collect$$rtexit$$00000004)
    Reset_Handler                            0x08000261   Thumb Code     8  startup_stm32f103xb.o(.text)
    ADC1_2_IRQHandler                        0x0800027b   Thumb Code     0  startup_stm32f103xb.o(.text)
    CAN1_RX1_IRQHandler                      0x0800027b   Thumb Code     0  startup_stm32f103xb.o(.text)
    CAN1_SCE_IRQHandler                      0x0800027b   Thumb Code     0  startup_stm32f103xb.o(.text)
    DMA1_Channel1_IRQHandler                 0x0800027b   Thumb Code     0  startup_stm32f103xb.o(.text)
    DMA1_Channel2_IRQHandler                 0x0800027b   Thumb Code     0  startup_stm32f103xb.o(.text)
    DMA1_Channel3_IRQHandler                 0x0800027b   Thumb Code     0  startup_stm32f103xb.o(.text)
    DMA1_Channel4_IRQHandler                 0x0800027b   Thumb Code     0  startup_stm32f103xb.o(.text)
    DMA1_Channel5_IRQHandler                 0x0800027b   Thumb Code     0  startup_stm32f103xb.o(.text)
    DMA1_Channel6_IRQHandler                 0x0800027b   Thumb Code     0  startup_stm32f103xb.o(.text)
    DMA1_Channel7_IRQHandler                 0x0800027b   Thumb Code     0  startup_stm32f103xb.o(.text)
    EXTI0_IRQHandler                         0x0800027b   Thumb Code     0  startup_stm32f103xb.o(.text)
    EXTI15_10_IRQHandler                     0x0800027b   Thumb Code     0  startup_stm32f103xb.o(.text)
    EXTI1_IRQHandler                         0x0800027b   Thumb Code     0  startup_stm32f103xb.o(.text)
    EXTI2_IRQHandler                         0x0800027b   Thumb Code     0  startup_stm32f103xb.o(.text)
    EXTI3_IRQHandler                         0x0800027b   Thumb Code     0  startup_stm32f103xb.o(.text)
    EXTI4_IRQHandler                         0x0800027b   Thumb Code     0  startup_stm32f103xb.o(.text)
    EXTI9_5_IRQHandler                       0x0800027b   Thumb Code     0  startup_stm32f103xb.o(.text)
    FLASH_IRQHandler                         0x0800027b   Thumb Code     0  startup_stm32f103xb.o(.text)
    I2C1_ER_IRQHandler                       0x0800027b   Thumb Code     0  startup_stm32f103xb.o(.text)
    I2C1_EV_IRQHandler                       0x0800027b   Thumb Code     0  startup_stm32f103xb.o(.text)
    I2C2_ER_IRQHandler                       0x0800027b   Thumb Code     0  startup_stm32f103xb.o(.text)
    I2C2_EV_IRQHandler                       0x0800027b   Thumb Code     0  startup_stm32f103xb.o(.text)
    PVD_IRQHandler                           0x0800027b   Thumb Code     0  startup_stm32f103xb.o(.text)
    RCC_IRQHandler                           0x0800027b   Thumb Code     0  startup_stm32f103xb.o(.text)
    RTC_Alarm_IRQHandler                     0x0800027b   Thumb Code     0  startup_stm32f103xb.o(.text)
    RTC_IRQHandler                           0x0800027b   Thumb Code     0  startup_stm32f103xb.o(.text)
    SPI1_IRQHandler                          0x0800027b   Thumb Code     0  startup_stm32f103xb.o(.text)
    SPI2_IRQHandler                          0x0800027b   Thumb Code     0  startup_stm32f103xb.o(.text)
    TAMPER_IRQHandler                        0x0800027b   Thumb Code     0  startup_stm32f103xb.o(.text)
    TIM1_BRK_IRQHandler                      0x0800027b   Thumb Code     0  startup_stm32f103xb.o(.text)
    TIM1_CC_IRQHandler                       0x0800027b   Thumb Code     0  startup_stm32f103xb.o(.text)
    TIM1_TRG_COM_IRQHandler                  0x0800027b   Thumb Code     0  startup_stm32f103xb.o(.text)
    TIM1_UP_IRQHandler                       0x0800027b   Thumb Code     0  startup_stm32f103xb.o(.text)
    TIM2_IRQHandler                          0x0800027b   Thumb Code     0  startup_stm32f103xb.o(.text)
    TIM3_IRQHandler                          0x0800027b   Thumb Code     0  startup_stm32f103xb.o(.text)
    USART1_IRQHandler                        0x0800027b   Thumb Code     0  startup_stm32f103xb.o(.text)
    USART2_IRQHandler                        0x0800027b   Thumb Code     0  startup_stm32f103xb.o(.text)
    USART3_IRQHandler                        0x0800027b   Thumb Code     0  startup_stm32f103xb.o(.text)
    USBWakeUp_IRQHandler                     0x0800027b   Thumb Code     0  startup_stm32f103xb.o(.text)
    USB_HP_CAN1_TX_IRQHandler                0x0800027b   Thumb Code     0  startup_stm32f103xb.o(.text)
    USB_LP_CAN1_RX0_IRQHandler               0x0800027b   Thumb Code     0  startup_stm32f103xb.o(.text)
    WWDG_IRQHandler                          0x0800027b   Thumb Code     0  startup_stm32f103xb.o(.text)
    __user_initial_stackheap                 0x0800027d   Thumb Code     0  startup_stm32f103xb.o(.text)
    printf                                   0x080002a1   Thumb Code    20  printf.o(.text)
    __aeabi_memclr4                          0x080002b9   Thumb Code     0  rt_memclr_w.o(.text)
    __aeabi_memclr8                          0x080002b9   Thumb Code     0  rt_memclr_w.o(.text)
    __rt_memclr_w                            0x080002b9   Thumb Code     0  rt_memclr_w.o(.text)
    _memset_w                                0x080002bd   Thumb Code    74  rt_memclr_w.o(.text)
    __use_two_region_memory                  0x08000307   Thumb Code     2  heapauxi.o(.text)
    __rt_heap_escrow$2region                 0x08000309   Thumb Code     2  heapauxi.o(.text)
    __rt_heap_expand$2region                 0x0800030b   Thumb Code     2  heapauxi.o(.text)
    __read_errno                             0x0800030d   Thumb Code    10  _rserrno.o(.text)
    __set_errno                              0x08000317   Thumb Code    12  _rserrno.o(.text)
    _printf_pre_padding                      0x08000323   Thumb Code    44  _printf_pad.o(.text)
    _printf_post_padding                     0x0800034f   Thumb Code    34  _printf_pad.o(.text)
    _printf_truncate_signed                  0x08000371   Thumb Code    18  _printf_truncate.o(.text)
    _printf_truncate_unsigned                0x08000383   Thumb Code    18  _printf_truncate.o(.text)
    _printf_str                              0x08000395   Thumb Code    82  _printf_str.o(.text)
    _printf_int_dec                          0x080003e9   Thumb Code   104  _printf_dec.o(.text)
    _printf_charcount                        0x08000461   Thumb Code    40  _printf_charcount.o(.text)
    _printf_char_file                        0x08000489   Thumb Code    32  _printf_char_file.o(.text)
    _printf_wctomb                           0x080004ad   Thumb Code   182  _printf_wctomb.o(.text)
    _printf_longlong_dec                     0x08000569   Thumb Code   108  _printf_longlong_dec.o(.text)
    _printf_longlong_oct                     0x080005e5   Thumb Code    68  _printf_oct_int_ll.o(.text)
    _printf_int_oct                          0x08000629   Thumb Code    24  _printf_oct_int_ll.o(.text)
    _printf_ll_oct                           0x08000641   Thumb Code    12  _printf_oct_int_ll.o(.text)
    _printf_longlong_hex                     0x08000655   Thumb Code    86  _printf_hex_int_ll_ptr.o(.text)
    _printf_int_hex                          0x080006ab   Thumb Code    28  _printf_hex_int_ll_ptr.o(.text)
    _printf_ll_hex                           0x080006c7   Thumb Code    12  _printf_hex_int_ll_ptr.o(.text)
    _printf_hex_ptr                          0x080006d3   Thumb Code    18  _printf_hex_int_ll_ptr.o(.text)
    __printf                                 0x080006e9   Thumb Code   388  __printf_flags_ss_wp.o(.text)
    __aeabi_errno_addr                       0x08000871   Thumb Code     8  rt_errno_addr_intlibspace.o(.text)
    __errno$intlibspace                      0x08000871   Thumb Code     0  rt_errno_addr_intlibspace.o(.text)
    __rt_errno_addr$intlibspace              0x08000871   Thumb Code     0  rt_errno_addr_intlibspace.o(.text)
    _ll_udiv10                               0x08000879   Thumb Code   138  lludiv10.o(.text)
    _printf_int_common                       0x08000903   Thumb Code   178  _printf_intcommon.o(.text)
    _printf_fp_dec_real                      0x08000b65   Thumb Code   620  _printf_fp_dec.o(.text)
    _printf_fp_hex_real                      0x08000dd1   Thumb Code   756  _printf_fp_hex.o(.text)
    _printf_char_common                      0x080010d7   Thumb Code    32  _printf_char_common.o(.text)
    _printf_cs_common                        0x080010fd   Thumb Code    20  _printf_char.o(.text)
    _printf_char                             0x08001111   Thumb Code    16  _printf_char.o(.text)
    _printf_string                           0x08001121   Thumb Code     8  _printf_char.o(.text)
    _printf_lcs_common                       0x08001129   Thumb Code    20  _printf_wchar.o(.text)
    _printf_wchar                            0x0800113d   Thumb Code    16  _printf_wchar.o(.text)
    _printf_wstring                          0x0800114d   Thumb Code     8  _printf_wchar.o(.text)
    ferror                                   0x08001155   Thumb Code     8  ferror.o(.text)
    _c16rtomb                                0x0800115d   Thumb Code    72  _c16rtomb.o(.text)
    _wcrtomb                                 0x0800115d   Thumb Code     0  _c16rtomb.o(.text)
    __user_libspace                          0x080011a5   Thumb Code     8  libspace.o(.text)
    __user_perproc_libspace                  0x080011a5   Thumb Code     0  libspace.o(.text)
    __user_perthread_libspace                0x080011a5   Thumb Code     0  libspace.o(.text)
    __user_setup_stackheap                   0x080011ad   Thumb Code    74  sys_stackheap_outer.o(.text)
    __rt_ctype_table                         0x080011f9   Thumb Code    16  rt_ctype_table.o(.text)
    __rt_locale                              0x08001209   Thumb Code     8  rt_locale_intlibspace.o(.text)
    _printf_fp_infnan                        0x08001211   Thumb Code   112  _printf_fp_infnan.o(.text)
    _btod_etento                             0x08001291   Thumb Code   224  bigflt0.o(.text)
    exit                                     0x08001375   Thumb Code    18  exit.o(.text)
    strcmp                                   0x08001389   Thumb Code   128  strcmpv7m.o(.text)
    _sys_exit                                0x08001409   Thumb Code     8  sys_exit.o(.text)
    __I$use$semihosting                      0x08001415   Thumb Code     0  use_no_semi.o(.text)
    __use_no_semihosting_swi                 0x08001415   Thumb Code     2  use_no_semi.o(.text)
    __semihosting_library_function           0x08001417   Thumb Code     0  indicate_semi.o(.text)
    BusFault_Handler                         0x08001419   Thumb Code     4  stm32f1xx_it.o(.text.BusFault_Handler)
    DebugMon_Handler                         0x0800141d   Thumb Code     2  stm32f1xx_it.o(.text.DebugMon_Handler)
    Error_Handler                            0x08001421   Thumb Code    14  main.o(.text.Error_Handler)
    HAL_Delay                                0x08001431   Thumb Code    66  stm32f1xx_hal.o(.text.HAL_Delay)
    HAL_GPIO_Init                            0x08001475   Thumb Code   798  stm32f1xx_hal_gpio.o(.text.HAL_GPIO_Init)
    HAL_GPIO_WritePin                        0x08001795   Thumb Code    46  stm32f1xx_hal_gpio.o(.text.HAL_GPIO_WritePin)
    HAL_GetTick                              0x080017c5   Thumb Code    12  stm32f1xx_hal.o(.text.HAL_GetTick)
    HAL_I2C_Init                             0x080017d1   Thumb Code   676  stm32f1xx_hal_i2c.o(.text.HAL_I2C_Init)
    HAL_I2C_Mem_Read                         0x08001a75   Thumb Code  1246  stm32f1xx_hal_i2c.o(.text.HAL_I2C_Mem_Read)
    HAL_I2C_Mem_Write                        0x08001f55   Thumb Code   528  stm32f1xx_hal_i2c.o(.text.HAL_I2C_Mem_Write)
    HAL_I2C_MspInit                          0x08002165   Thumb Code   126  stm32f1xx_hal_msp.o(.text.HAL_I2C_MspInit)
    HAL_IncTick                              0x080021e5   Thumb Code    26  stm32f1xx_hal.o(.text.HAL_IncTick)
    HAL_Init                                 0x08002201   Thumb Code    38  stm32f1xx_hal.o(.text.HAL_Init)
    HAL_InitTick                             0x08002229   Thumb Code   112  stm32f1xx_hal.o(.text.HAL_InitTick)
    HAL_MspInit                              0x08002299   Thumb Code   100  stm32f1xx_hal_msp.o(.text.HAL_MspInit)
    HAL_NVIC_EnableIRQ                       0x080022fd   Thumb Code    20  stm32f1xx_hal_cortex.o(.text.HAL_NVIC_EnableIRQ)
    HAL_NVIC_SetPriority                     0x08002311   Thumb Code    50  stm32f1xx_hal_cortex.o(.text.HAL_NVIC_SetPriority)
    HAL_NVIC_SetPriorityGrouping             0x08002345   Thumb Code    16  stm32f1xx_hal_cortex.o(.text.HAL_NVIC_SetPriorityGrouping)
    HAL_RCC_ClockConfig                      0x08002355   Thumb Code   598  stm32f1xx_hal_rcc.o(.text.HAL_RCC_ClockConfig)
    HAL_RCC_GetHCLKFreq                      0x080025ad   Thumb Code    12  stm32f1xx_hal_rcc.o(.text.HAL_RCC_GetHCLKFreq)
    HAL_RCC_GetPCLK1Freq                     0x080025b9   Thumb Code    34  stm32f1xx_hal_rcc.o(.text.HAL_RCC_GetPCLK1Freq)
    HAL_RCC_GetPCLK2Freq                     0x080025dd   Thumb Code    34  stm32f1xx_hal_rcc.o(.text.HAL_RCC_GetPCLK2Freq)
    HAL_RCC_GetSysClockFreq                  0x08002601   Thumb Code   188  stm32f1xx_hal_rcc.o(.text.HAL_RCC_GetSysClockFreq)
    HAL_RCC_OscConfig                        0x080026bd   Thumb Code  1658  stm32f1xx_hal_rcc.o(.text.HAL_RCC_OscConfig)
    HAL_SYSTICK_Config                       0x08002d39   Thumb Code    16  stm32f1xx_hal_cortex.o(.text.HAL_SYSTICK_Config)
    HAL_TIMEx_BreakCallback                  0x08002d49   Thumb Code     8  stm32f1xx_hal_tim_ex.o(.text.HAL_TIMEx_BreakCallback)
    HAL_TIMEx_CommutCallback                 0x08002d51   Thumb Code     8  stm32f1xx_hal_tim_ex.o(.text.HAL_TIMEx_CommutCallback)
    HAL_TIMEx_MasterConfigSynchronization    0x08002d59   Thumb Code   220  stm32f1xx_hal_tim_ex.o(.text.HAL_TIMEx_MasterConfigSynchronization)
    HAL_TIM_Base_Init                        0x08002e35   Thumb Code   156  stm32f1xx_hal_tim.o(.text.HAL_TIM_Base_Init)
    HAL_TIM_Base_MspInit                     0x08002ed1   Thumb Code   130  stm32f1xx_hal_msp.o(.text.HAL_TIM_Base_MspInit)
    HAL_TIM_Base_Start_IT                    0x08002f55   Thumb Code   176  stm32f1xx_hal_tim.o(.text.HAL_TIM_Base_Start_IT)
    HAL_TIM_ConfigClockSource                0x08003005   Thumb Code   388  stm32f1xx_hal_tim.o(.text.HAL_TIM_ConfigClockSource)
    HAL_TIM_IC_CaptureCallback               0x08003189   Thumb Code     8  stm32f1xx_hal_tim.o(.text.HAL_TIM_IC_CaptureCallback)
    HAL_TIM_IRQHandler                       0x08003191   Thumb Code   538  stm32f1xx_hal_tim.o(.text.HAL_TIM_IRQHandler)
    HAL_TIM_MspPostInit                      0x080033ad   Thumb Code    94  stm32f1xx_hal_msp.o(.text.HAL_TIM_MspPostInit)
    HAL_TIM_OC_DelayElapsedCallback          0x0800340d   Thumb Code     8  stm32f1xx_hal_tim.o(.text.HAL_TIM_OC_DelayElapsedCallback)
    HAL_TIM_PWM_ConfigChannel                0x08003415   Thumb Code   322  stm32f1xx_hal_tim.o(.text.HAL_TIM_PWM_ConfigChannel)
    HAL_TIM_PWM_Init                         0x08003559   Thumb Code   156  stm32f1xx_hal_tim.o(.text.HAL_TIM_PWM_Init)
    HAL_TIM_PWM_MspInit                      0x080035f5   Thumb Code     8  stm32f1xx_hal_tim.o(.text.HAL_TIM_PWM_MspInit)
    HAL_TIM_PWM_PulseFinishedCallback        0x080035fd   Thumb Code     8  stm32f1xx_hal_tim.o(.text.HAL_TIM_PWM_PulseFinishedCallback)
    HAL_TIM_PeriodElapsedCallback            0x08003605   Thumb Code    40  main.o(.text.HAL_TIM_PeriodElapsedCallback)
    HAL_TIM_TriggerCallback                  0x0800362d   Thumb Code     8  stm32f1xx_hal_tim.o(.text.HAL_TIM_TriggerCallback)
    HAL_UART_Init                            0x08003635   Thumb Code   158  stm32f1xx_hal_uart.o(.text.HAL_UART_Init)
    HAL_UART_MspInit                         0x080036d5   Thumb Code   152  stm32f1xx_hal_msp.o(.text.HAL_UART_MspInit)
    HAL_UART_Transmit                        0x0800376d   Thumb Code   304  stm32f1xx_hal_uart.o(.text.HAL_UART_Transmit)
    HardFault_Handler                        0x0800389d   Thumb Code     4  stm32f1xx_it.o(.text.HardFault_Handler)
    MPU6050_Calibrate_Gyro                   0x080040b1   Thumb Code    88  mpu6050.o(.text.MPU6050_Calibrate_Gyro)
    MPU6050_ComputePitch                     0x08004109   Thumb Code   156  mpu6050.o(.text.MPU6050_ComputePitch)
    MPU6050_Init                             0x080041a5   Thumb Code   252  mpu6050.o(.text.MPU6050_Init)
    MPU6050_Read_Accel                       0x080042a1   Thumb Code   182  mpu6050.o(.text.MPU6050_Read_Accel)
    MPU6050_Read_All                         0x08004359   Thumb Code    28  mpu6050.o(.text.MPU6050_Read_All)
    MPU6050_Read_Gyro                        0x08004375   Thumb Code   210  mpu6050.o(.text.MPU6050_Read_Gyro)
    MemManage_Handler                        0x080046e5   Thumb Code     4  stm32f1xx_it.o(.text.MemManage_Handler)
    NMI_Handler                              0x080046e9   Thumb Code     4  stm32f1xx_it.o(.text.NMI_Handler)
    PendSV_Handler                           0x08004759   Thumb Code     2  stm32f1xx_it.o(.text.PendSV_Handler)
    SVC_Handler                              0x08004799   Thumb Code     2  stm32f1xx_it.o(.text.SVC_Handler)
    SysTick_Handler                          0x080047f1   Thumb Code     8  stm32f1xx_it.o(.text.SysTick_Handler)
    SystemClock_Config                       0x080047f9   Thumb Code   108  main.o(.text.SystemClock_Config)
    SystemInit                               0x08004865   Thumb Code     2  system_stm32f1xx.o(.text.SystemInit)
    TIM4_IRQHandler                          0x08004869   Thumb Code    16  stm32f1xx_it.o(.text.TIM4_IRQHandler)
    TIM_Base_SetConfig                       0x08004879   Thumb Code   262  stm32f1xx_hal_tim.o(.text.TIM_Base_SetConfig)
    TIM_ETR_SetConfig                        0x08004981   Thumb Code    52  stm32f1xx_hal_tim.o(.text.TIM_ETR_SetConfig)
    TIM_OC2_SetConfig                        0x08004ab1   Thumb Code   216  stm32f1xx_hal_tim.o(.text.TIM_OC2_SetConfig)
    UsageFault_Handler                       0x08004fc9   Thumb Code     4  stm32f1xx_it.o(.text.UsageFault_Handler)
    fputc                                    0x0800508d   Thumb Code    34  main.o(.text.fputc)
    main                                     0x080050b1   Thumb Code   464  main.o(.text.main)
    _btod_d2e                                0x08005281   Thumb Code    62  btod.o(CL$$btod_d2e)
    _d2e_denorm_low                          0x080052bf   Thumb Code    70  btod.o(CL$$btod_d2e_denorm_low)
    _d2e_norm_op1                            0x08005305   Thumb Code    96  btod.o(CL$$btod_d2e_norm_op1)
    __btod_div_common                        0x08005365   Thumb Code   696  btod.o(CL$$btod_div_common)
    _e2e                                     0x0800569d   Thumb Code   220  btod.o(CL$$btod_e2e)
    _btod_ediv                               0x08005779   Thumb Code    42  btod.o(CL$$btod_ediv)
    _btod_emul                               0x080057a3   Thumb Code    42  btod.o(CL$$btod_emul)
    __btod_mult_common                       0x080057cd   Thumb Code   580  btod.o(CL$$btod_mult_common)
    __ARM_fpclassify                         0x08005a11   Thumb Code    40  fpclassify.o(i.__ARM_fpclassify)
    __ARM_fpclassifyf                        0x08005a39   Thumb Code    38  fpclassifyf.o(i.__ARM_fpclassifyf)
    __mathlib_flt_infnan2                    0x08005a5f   Thumb Code     4  funder.o(i.__mathlib_flt_infnan2)
    __mathlib_flt_underflow                  0x08005a63   Thumb Code    10  funder.o(i.__mathlib_flt_underflow)
    _is_digit                                0x08005a6d   Thumb Code    14  __printf_wp.o(i._is_digit)
    atan2f                                   0x08005a7d   Thumb Code   598  atan2f.o(i.atan2f)
    sqrtf                                    0x08005d21   Thumb Code    44  sqrtf.o(i.sqrtf)
    _get_lc_numeric                          0x08005d4d   Thumb Code    44  lc_numeric_c.o(locale$$code)
    _get_lc_ctype                            0x08005d79   Thumb Code    44  lc_ctype_c.o(locale$$code)
    __aeabi_d2f                              0x08005da5   Thumb Code     0  d2f.o(x$fpl$d2f)
    _d2f                                     0x08005da5   Thumb Code    98  d2f.o(x$fpl$d2f)
    __aeabi_dadd                             0x08005e09   Thumb Code     0  daddsub_clz.o(x$fpl$dadd)
    _dadd                                    0x08005e09   Thumb Code   332  daddsub_clz.o(x$fpl$dadd)
    __aeabi_ddiv                             0x08005f59   Thumb Code     0  ddiv.o(x$fpl$ddiv)
    _ddiv                                    0x08005f59   Thumb Code   556  ddiv.o(x$fpl$ddiv)
    __aeabi_i2d                              0x0800620d   Thumb Code     0  dflt_clz.o(x$fpl$dflt)
    _dflt                                    0x0800620d   Thumb Code    46  dflt_clz.o(x$fpl$dflt)
    __fpl_dnaninf                            0x0800623b   Thumb Code   156  dnaninf.o(x$fpl$dnaninf)
    __fpl_dretinf                            0x080062d7   Thumb Code    12  dretinf.o(x$fpl$dretinf)
    __aeabi_dsub                             0x080062e5   Thumb Code     0  daddsub_clz.o(x$fpl$dsub)
    _dsub                                    0x080062e5   Thumb Code   472  daddsub_clz.o(x$fpl$dsub)
    __aeabi_f2d                              0x080064c1   Thumb Code     0  f2d.o(x$fpl$f2d)
    _f2d                                     0x080064c1   Thumb Code    86  f2d.o(x$fpl$f2d)
    __aeabi_fadd                             0x08006519   Thumb Code     0  faddsub_clz.o(x$fpl$fadd)
    _fadd                                    0x08006519   Thumb Code   196  faddsub_clz.o(x$fpl$fadd)
    __fpl_fcheck_NaN1                        0x080065dd   Thumb Code     6  fcheck1.o(x$fpl$fcheck1)
    __aeabi_fdiv                             0x080065e9   Thumb Code     0  fdiv.o(x$fpl$fdiv)
    _fdiv                                    0x080065e9   Thumb Code   384  fdiv.o(x$fpl$fdiv)
    __aeabi_fmul                             0x0800676d   Thumb Code     0  fmul.o(x$fpl$fmul)
    _fmul                                    0x0800676d   Thumb Code   258  fmul.o(x$fpl$fmul)
    __fpl_fnaninf                            0x0800686f   Thumb Code   140  fnaninf.o(x$fpl$fnaninf)
    __fpl_fretinf                            0x080068fb   Thumb Code    10  fretinf.o(x$fpl$fretinf)
    __aeabi_frsub                            0x08006905   Thumb Code     0  faddsub_clz.o(x$fpl$frsb)
    _frsb                                    0x08006905   Thumb Code    20  faddsub_clz.o(x$fpl$frsb)
    _fsqrt                                   0x08006919   Thumb Code   272  fsqrt.o(x$fpl$fsqrt)
    __aeabi_fsub                             0x08006a29   Thumb Code     0  faddsub_clz.o(x$fpl$fsub)
    _fsub                                    0x08006a29   Thumb Code   234  faddsub_clz.o(x$fpl$fsub)
    _printf_fp_dec                           0x08006b13   Thumb Code     4  printf1.o(x$fpl$printf1)
    _printf_fp_hex                           0x08006b17   Thumb Code     4  printf2.o(x$fpl$printf2)
    __fpl_return_NaN                         0x08006b1b   Thumb Code   100  retnan.o(x$fpl$retnan)
    __ARM_scalbnf                            0x08006b7f   Thumb Code    76  scalbnf.o(x$fpl$scalbnf)
    __fpl_cmpreturn                          0x08006bcb   Thumb Code    48  trapv.o(x$fpl$trapveneer)
    __I$use$fp                               0x08006bfa   Number         0  usenofp.o(x$fpl$usenofp)
    AHBPrescTable                            0x08006cf8   Data          16  system_stm32f1xx.o(.rodata.AHBPrescTable)
    APBPrescTable                            0x08006d08   Data           8  system_stm32f1xx.o(.rodata.APBPrescTable)
    Region$$Table$$Base                      0x08006de0   Number         0  anon$$obj.o(Region$$Table)
    Region$$Table$$Limit                     0x08006e00   Number         0  anon$$obj.o(Region$$Table)
    __ctype                                  0x08006e29   Data           0  lc_ctype_c.o(locale$$data)
    SystemCoreClock                          0x20000000   Data           4  system_stm32f1xx.o(.data.SystemCoreClock)
    dt                                       0x20000004   Data           4  main.o(.data.dt)
    uwTickFreq                               0x20000008   Data           1  stm32f1xx_hal.o(.data.uwTickFreq)
    uwTickPrio                               0x2000000c   Data           4  stm32f1xx_hal.o(.data.uwTickPrio)
    __libspace_start                         0x20000010   Data          96  libspace.o(.bss)
    __stdout                                 0x20000070   Data          84  main.o(.bss.__stdout)
    __temporary_stack_top$libspace           0x20000070   Data           0  libspace.o(.bss)
    f_mpu                                    0x200000c4   Data           1  main.o(.bss.f_mpu)
    hi2c1                                    0x200000c8   Data          84  main.o(.bss.hi2c1)
    htim3                                    0x2000011c   Data          72  main.o(.bss.htim3)
    htim4                                    0x20000164   Data          72  main.o(.bss.htim4)
    huart1                                   0x200001ac   Data          72  main.o(.bss.huart1)
    mpu_data                                 0x200001f4   Data          48  main.o(.bss.mpu_data)
    uwTick                                   0x20000224   Data           4  stm32f1xx_hal.o(.bss.uwTick)



==============================================================================

Memory Map of the image

  Image Entry point : 0x080000ed

  Load Region LR_IROM1 (Base: 0x08000000, Size: 0x00006f40, Max: 0x00010000, ABSOLUTE)

    Execution Region ER_IROM1 (Exec base: 0x08000000, Load base: 0x08000000, Size: 0x00006f2c, Max: 0x00010000, ABSOLUTE)

    Exec Addr    Load Addr    Size         Type   Attr      Idx    E Section Name        Object

    0x08000000   0x08000000   0x000000ec   Data   RO            3    RESET               startup_stm32f103xb.o
    0x080000ec   0x080000ec   0x00000008   Code   RO         1167  * !!!main             c_w.l(__main.o)
    0x080000f4   0x080000f4   0x0000005c   Code   RO         1589    !!!scatter          c_w.l(__scatter.o)
    0x08000150   0x08000150   0x0000001a   Code   RO         1593    !!handler_copy      c_w.l(__scatter_copy.o)
    0x0800016a   0x0800016a   0x00000002   PAD
    0x0800016c   0x0800016c   0x00000002   Code   RO         1590    !!handler_null      c_w.l(__scatter.o)
    0x0800016e   0x0800016e   0x00000002   PAD
    0x08000170   0x08000170   0x0000001c   Code   RO         1595    !!handler_zi        c_w.l(__scatter_zi.o)
    0x0800018c   0x0800018c   0x00000000   Code   RO         1291    .ARM.Collect$$_printf_percent$$00000000  c_w.l(_printf_percent.o)
    0x0800018c   0x0800018c   0x00000006   Code   RO         1280    .ARM.Collect$$_printf_percent$$00000001  c_w.l(_printf_n.o)
    0x08000192   0x08000192   0x00000006   Code   RO         1282    .ARM.Collect$$_printf_percent$$00000002  c_w.l(_printf_p.o)
    0x08000198   0x08000198   0x00000006   Code   RO         1287    .ARM.Collect$$_printf_percent$$00000003  c_w.l(_printf_f.o)
    0x0800019e   0x0800019e   0x00000006   Code   RO         1288    .ARM.Collect$$_printf_percent$$00000004  c_w.l(_printf_e.o)
    0x080001a4   0x080001a4   0x00000006   Code   RO         1289    .ARM.Collect$$_printf_percent$$00000005  c_w.l(_printf_g.o)
    0x080001aa   0x080001aa   0x00000006   Code   RO         1290    .ARM.Collect$$_printf_percent$$00000006  c_w.l(_printf_a.o)
    0x080001b0   0x080001b0   0x0000000a   Code   RO         1295    .ARM.Collect$$_printf_percent$$00000007  c_w.l(_printf_ll.o)
    0x080001ba   0x080001ba   0x00000006   Code   RO         1284    .ARM.Collect$$_printf_percent$$00000008  c_w.l(_printf_i.o)
    0x080001c0   0x080001c0   0x00000006   Code   RO         1285    .ARM.Collect$$_printf_percent$$00000009  c_w.l(_printf_d.o)
    0x080001c6   0x080001c6   0x00000006   Code   RO         1286    .ARM.Collect$$_printf_percent$$0000000A  c_w.l(_printf_u.o)
    0x080001cc   0x080001cc   0x00000006   Code   RO         1283    .ARM.Collect$$_printf_percent$$0000000B  c_w.l(_printf_o.o)
    0x080001d2   0x080001d2   0x00000006   Code   RO         1281    .ARM.Collect$$_printf_percent$$0000000C  c_w.l(_printf_x.o)
    0x080001d8   0x080001d8   0x00000006   Code   RO         1292    .ARM.Collect$$_printf_percent$$0000000D  c_w.l(_printf_lli.o)
    0x080001de   0x080001de   0x00000006   Code   RO         1293    .ARM.Collect$$_printf_percent$$0000000E  c_w.l(_printf_lld.o)
    0x080001e4   0x080001e4   0x00000006   Code   RO         1294    .ARM.Collect$$_printf_percent$$0000000F  c_w.l(_printf_llu.o)
    0x080001ea   0x080001ea   0x00000006   Code   RO         1299    .ARM.Collect$$_printf_percent$$00000010  c_w.l(_printf_llo.o)
    0x080001f0   0x080001f0   0x00000006   Code   RO         1300    .ARM.Collect$$_printf_percent$$00000011  c_w.l(_printf_llx.o)
    0x080001f6   0x080001f6   0x0000000a   Code   RO         1296    .ARM.Collect$$_printf_percent$$00000012  c_w.l(_printf_l.o)
    0x08000200   0x08000200   0x00000006   Code   RO         1278    .ARM.Collect$$_printf_percent$$00000013  c_w.l(_printf_c.o)
    0x08000206   0x08000206   0x00000006   Code   RO         1279    .ARM.Collect$$_printf_percent$$00000014  c_w.l(_printf_s.o)
    0x0800020c   0x0800020c   0x00000006   Code   RO         1297    .ARM.Collect$$_printf_percent$$00000015  c_w.l(_printf_lc.o)
    0x08000212   0x08000212   0x00000006   Code   RO         1298    .ARM.Collect$$_printf_percent$$00000016  c_w.l(_printf_ls.o)
    0x08000218   0x08000218   0x00000004   Code   RO         1373    .ARM.Collect$$_printf_percent$$00000017  c_w.l(_printf_percent_end.o)
    0x0800021c   0x0800021c   0x00000002   Code   RO         1435    .ARM.Collect$$libinit$$00000000  c_w.l(libinit.o)
    0x0800021e   0x0800021e   0x00000000   Code   RO         1452    .ARM.Collect$$libinit$$00000002  c_w.l(libinit2.o)
    0x0800021e   0x0800021e   0x00000000   Code   RO         1454    .ARM.Collect$$libinit$$00000004  c_w.l(libinit2.o)
    0x0800021e   0x0800021e   0x00000000   Code   RO         1456    .ARM.Collect$$libinit$$00000006  c_w.l(libinit2.o)
    0x0800021e   0x0800021e   0x00000000   Code   RO         1459    .ARM.Collect$$libinit$$0000000C  c_w.l(libinit2.o)
    0x0800021e   0x0800021e   0x00000000   Code   RO         1461    .ARM.Collect$$libinit$$0000000E  c_w.l(libinit2.o)
    0x0800021e   0x0800021e   0x00000000   Code   RO         1463    .ARM.Collect$$libinit$$00000010  c_w.l(libinit2.o)
    0x0800021e   0x0800021e   0x00000006   Code   RO         1464    .ARM.Collect$$libinit$$00000011  c_w.l(libinit2.o)
    0x08000224   0x08000224   0x00000000   Code   RO         1466    .ARM.Collect$$libinit$$00000013  c_w.l(libinit2.o)
    0x08000224   0x08000224   0x0000000c   Code   RO         1467    .ARM.Collect$$libinit$$00000014  c_w.l(libinit2.o)
    0x08000230   0x08000230   0x00000000   Code   RO         1468    .ARM.Collect$$libinit$$00000015  c_w.l(libinit2.o)
    0x08000230   0x08000230   0x00000000   Code   RO         1470    .ARM.Collect$$libinit$$00000017  c_w.l(libinit2.o)
    0x08000230   0x08000230   0x0000000a   Code   RO         1471    .ARM.Collect$$libinit$$00000018  c_w.l(libinit2.o)
    0x0800023a   0x0800023a   0x00000000   Code   RO         1472    .ARM.Collect$$libinit$$00000019  c_w.l(libinit2.o)
    0x0800023a   0x0800023a   0x00000000   Code   RO         1474    .ARM.Collect$$libinit$$0000001B  c_w.l(libinit2.o)
    0x0800023a   0x0800023a   0x00000000   Code   RO         1476    .ARM.Collect$$libinit$$0000001D  c_w.l(libinit2.o)
    0x0800023a   0x0800023a   0x00000000   Code   RO         1478    .ARM.Collect$$libinit$$0000001F  c_w.l(libinit2.o)
    0x0800023a   0x0800023a   0x00000000   Code   RO         1480    .ARM.Collect$$libinit$$00000021  c_w.l(libinit2.o)
    0x0800023a   0x0800023a   0x00000000   Code   RO         1482    .ARM.Collect$$libinit$$00000023  c_w.l(libinit2.o)
    0x0800023a   0x0800023a   0x00000000   Code   RO         1484    .ARM.Collect$$libinit$$00000025  c_w.l(libinit2.o)
    0x0800023a   0x0800023a   0x00000000   Code   RO         1486    .ARM.Collect$$libinit$$00000027  c_w.l(libinit2.o)
    0x0800023a   0x0800023a   0x00000000   Code   RO         1490    .ARM.Collect$$libinit$$0000002E  c_w.l(libinit2.o)
    0x0800023a   0x0800023a   0x00000000   Code   RO         1492    .ARM.Collect$$libinit$$00000030  c_w.l(libinit2.o)
    0x0800023a   0x0800023a   0x00000000   Code   RO         1494    .ARM.Collect$$libinit$$00000032  c_w.l(libinit2.o)
    0x0800023a   0x0800023a   0x00000000   Code   RO         1496    .ARM.Collect$$libinit$$00000034  c_w.l(libinit2.o)
    0x0800023a   0x0800023a   0x00000002   Code   RO         1497    .ARM.Collect$$libinit$$00000035  c_w.l(libinit2.o)
    0x0800023c   0x0800023c   0x00000002   Code   RO         1525    .ARM.Collect$$libshutdown$$00000000  c_w.l(libshutdown.o)
    0x0800023e   0x0800023e   0x00000000   Code   RO         1540    .ARM.Collect$$libshutdown$$00000002  c_w.l(libshutdown2.o)
    0x0800023e   0x0800023e   0x00000000   Code   RO         1542    .ARM.Collect$$libshutdown$$00000004  c_w.l(libshutdown2.o)
    0x0800023e   0x0800023e   0x00000000   Code   RO         1545    .ARM.Collect$$libshutdown$$00000007  c_w.l(libshutdown2.o)
    0x0800023e   0x0800023e   0x00000000   Code   RO         1548    .ARM.Collect$$libshutdown$$0000000A  c_w.l(libshutdown2.o)
    0x0800023e   0x0800023e   0x00000000   Code   RO         1550    .ARM.Collect$$libshutdown$$0000000C  c_w.l(libshutdown2.o)
    0x0800023e   0x0800023e   0x00000000   Code   RO         1553    .ARM.Collect$$libshutdown$$0000000F  c_w.l(libshutdown2.o)
    0x0800023e   0x0800023e   0x00000002   Code   RO         1554    .ARM.Collect$$libshutdown$$00000010  c_w.l(libshutdown2.o)
    0x08000240   0x08000240   0x00000000   Code   RO         1209    .ARM.Collect$$rtentry$$00000000  c_w.l(__rtentry.o)
    0x08000240   0x08000240   0x00000000   Code   RO         1337    .ARM.Collect$$rtentry$$00000002  c_w.l(__rtentry2.o)
    0x08000240   0x08000240   0x00000006   Code   RO         1349    .ARM.Collect$$rtentry$$00000004  c_w.l(__rtentry4.o)
    0x08000246   0x08000246   0x00000000   Code   RO         1339    .ARM.Collect$$rtentry$$00000009  c_w.l(__rtentry2.o)
    0x08000246   0x08000246   0x00000004   Code   RO         1340    .ARM.Collect$$rtentry$$0000000A  c_w.l(__rtentry2.o)
    0x0800024a   0x0800024a   0x00000000   Code   RO         1342    .ARM.Collect$$rtentry$$0000000C  c_w.l(__rtentry2.o)
    0x0800024a   0x0800024a   0x00000008   Code   RO         1343    .ARM.Collect$$rtentry$$0000000D  c_w.l(__rtentry2.o)
    0x08000252   0x08000252   0x00000002   Code   RO         1442    .ARM.Collect$$rtexit$$00000000  c_w.l(rtexit.o)
    0x08000254   0x08000254   0x00000000   Code   RO         1501    .ARM.Collect$$rtexit$$00000002  c_w.l(rtexit2.o)
    0x08000254   0x08000254   0x00000004   Code   RO         1502    .ARM.Collect$$rtexit$$00000003  c_w.l(rtexit2.o)
    0x08000258   0x08000258   0x00000006   Code   RO         1503    .ARM.Collect$$rtexit$$00000004  c_w.l(rtexit2.o)
    0x0800025e   0x0800025e   0x00000002   PAD
    0x08000260   0x08000260   0x00000040   Code   RO            4    .text               startup_stm32f103xb.o
    0x080002a0   0x080002a0   0x00000018   Code   RO         1161    .text               c_w.l(printf.o)
    0x080002b8   0x080002b8   0x0000004e   Code   RO         1163    .text               c_w.l(rt_memclr_w.o)
    0x08000306   0x08000306   0x00000006   Code   RO         1165    .text               c_w.l(heapauxi.o)
    0x0800030c   0x0800030c   0x00000016   Code   RO         1210    .text               c_w.l(_rserrno.o)
    0x08000322   0x08000322   0x0000004e   Code   RO         1214    .text               c_w.l(_printf_pad.o)
    0x08000370   0x08000370   0x00000024   Code   RO         1216    .text               c_w.l(_printf_truncate.o)
    0x08000394   0x08000394   0x00000052   Code   RO         1218    .text               c_w.l(_printf_str.o)
    0x080003e6   0x080003e6   0x00000002   PAD
    0x080003e8   0x080003e8   0x00000078   Code   RO         1220    .text               c_w.l(_printf_dec.o)
    0x08000460   0x08000460   0x00000028   Code   RO         1222    .text               c_w.l(_printf_charcount.o)
    0x08000488   0x08000488   0x00000024   Code   RO         1224    .text               c_w.l(_printf_char_file.o)
    0x080004ac   0x080004ac   0x000000bc   Code   RO         1226    .text               c_w.l(_printf_wctomb.o)
    0x08000568   0x08000568   0x0000007c   Code   RO         1229    .text               c_w.l(_printf_longlong_dec.o)
    0x080005e4   0x080005e4   0x00000070   Code   RO         1235    .text               c_w.l(_printf_oct_int_ll.o)
    0x08000654   0x08000654   0x00000094   Code   RO         1255    .text               c_w.l(_printf_hex_int_ll_ptr.o)
    0x080006e8   0x080006e8   0x00000188   Code   RO         1275    .text               c_w.l(__printf_flags_ss_wp.o)
    0x08000870   0x08000870   0x00000008   Code   RO         1354    .text               c_w.l(rt_errno_addr_intlibspace.o)
    0x08000878   0x08000878   0x0000008a   Code   RO         1356    .text               c_w.l(lludiv10.o)
    0x08000902   0x08000902   0x000000b2   Code   RO         1358    .text               c_w.l(_printf_intcommon.o)
    0x080009b4   0x080009b4   0x0000041c   Code   RO         1360    .text               c_w.l(_printf_fp_dec.o)
    0x08000dd0   0x08000dd0   0x000002fc   Code   RO         1364    .text               c_w.l(_printf_fp_hex.o)
    0x080010cc   0x080010cc   0x00000030   Code   RO         1367    .text               c_w.l(_printf_char_common.o)
    0x080010fc   0x080010fc   0x0000002c   Code   RO         1369    .text               c_w.l(_printf_char.o)
    0x08001128   0x08001128   0x0000002c   Code   RO         1371    .text               c_w.l(_printf_wchar.o)
    0x08001154   0x08001154   0x00000008   Code   RO         1374    .text               c_w.l(ferror.o)
    0x0800115c   0x0800115c   0x00000048   Code   RO         1378    .text               c_w.l(_c16rtomb.o)
    0x080011a4   0x080011a4   0x00000008   Code   RO         1382    .text               c_w.l(libspace.o)
    0x080011ac   0x080011ac   0x0000004a   Code   RO         1385    .text               c_w.l(sys_stackheap_outer.o)
    0x080011f6   0x080011f6   0x00000002   PAD
    0x080011f8   0x080011f8   0x00000010   Code   RO         1387    .text               c_w.l(rt_ctype_table.o)
    0x08001208   0x08001208   0x00000008   Code   RO         1392    .text               c_w.l(rt_locale_intlibspace.o)
    0x08001210   0x08001210   0x00000080   Code   RO         1394    .text               c_w.l(_printf_fp_infnan.o)
    0x08001290   0x08001290   0x000000e4   Code   RO         1398    .text               c_w.l(bigflt0.o)
    0x08001374   0x08001374   0x00000012   Code   RO         1428    .text               c_w.l(exit.o)
    0x08001386   0x08001386   0x00000002   PAD
    0x08001388   0x08001388   0x00000080   Code   RO         1449    .text               c_w.l(strcmpv7m.o)
    0x08001408   0x08001408   0x0000000c   Code   RO         1515    .text               c_w.l(sys_exit.o)
    0x08001414   0x08001414   0x00000002   Code   RO         1530    .text               c_w.l(use_no_semi.o)
    0x08001416   0x08001416   0x00000000   Code   RO         1532    .text               c_w.l(indicate_semi.o)
    0x08001416   0x08001416   0x00000002   PAD
    0x08001418   0x08001418   0x00000004   Code   RO           54    .text.BusFault_Handler  stm32f1xx_it.o
    0x0800141c   0x0800141c   0x00000002   Code   RO           60    .text.DebugMon_Handler  stm32f1xx_it.o
    0x0800141e   0x0800141e   0x00000002   PAD
    0x08001420   0x08001420   0x0000000e   Code   RO           29    .text.Error_Handler  main.o
    0x0800142e   0x0800142e   0x00000002   PAD
    0x08001430   0x08001430   0x00000042   Code   RO          302    .text.HAL_Delay     stm32f1xx_hal.o
    0x08001472   0x08001472   0x00000002   PAD
    0x08001474   0x08001474   0x0000031e   Code   RO          396    .text.HAL_GPIO_Init  stm32f1xx_hal_gpio.o
    0x08001792   0x08001792   0x00000002   PAD
    0x08001794   0x08001794   0x0000002e   Code   RO          402    .text.HAL_GPIO_WritePin  stm32f1xx_hal_gpio.o
    0x080017c2   0x080017c2   0x00000002   PAD
    0x080017c4   0x080017c4   0x0000000c   Code   RO          294    .text.HAL_GetTick   stm32f1xx_hal.o
    0x080017d0   0x080017d0   0x000002a4   Code   RO          111    .text.HAL_I2C_Init  stm32f1xx_hal_i2c.o
    0x08001a74   0x08001a74   0x000004de   Code   RO          165    .text.HAL_I2C_Mem_Read  stm32f1xx_hal_i2c.o
    0x08001f52   0x08001f52   0x00000002   PAD
    0x08001f54   0x08001f54   0x00000210   Code   RO          161    .text.HAL_I2C_Mem_Write  stm32f1xx_hal_i2c.o
    0x08002164   0x08002164   0x0000007e   Code   RO           77    .text.HAL_I2C_MspInit  stm32f1xx_hal_msp.o
    0x080021e2   0x080021e2   0x00000002   PAD
    0x080021e4   0x080021e4   0x0000001a   Code   RO          292    .text.HAL_IncTick   stm32f1xx_hal.o
    0x080021fe   0x080021fe   0x00000002   PAD
    0x08002200   0x08002200   0x00000026   Code   RO          282    .text.HAL_Init      stm32f1xx_hal.o
    0x08002226   0x08002226   0x00000002   PAD
    0x08002228   0x08002228   0x00000070   Code   RO          284    .text.HAL_InitTick  stm32f1xx_hal.o
    0x08002298   0x08002298   0x00000064   Code   RO           75    .text.HAL_MspInit   stm32f1xx_hal_msp.o
    0x080022fc   0x080022fc   0x00000014   Code   RO          464    .text.HAL_NVIC_EnableIRQ  stm32f1xx_hal_cortex.o
    0x08002310   0x08002310   0x00000032   Code   RO          456    .text.HAL_NVIC_SetPriority  stm32f1xx_hal_cortex.o
    0x08002342   0x08002342   0x00000002   PAD
    0x08002344   0x08002344   0x00000010   Code   RO          452    .text.HAL_NVIC_SetPriorityGrouping  stm32f1xx_hal_cortex.o
    0x08002354   0x08002354   0x00000256   Code   RO          348    .text.HAL_RCC_ClockConfig  stm32f1xx_hal_rcc.o
    0x080025aa   0x080025aa   0x00000002   PAD
    0x080025ac   0x080025ac   0x0000000c   Code   RO          358    .text.HAL_RCC_GetHCLKFreq  stm32f1xx_hal_rcc.o
    0x080025b8   0x080025b8   0x00000022   Code   RO          360    .text.HAL_RCC_GetPCLK1Freq  stm32f1xx_hal_rcc.o
    0x080025da   0x080025da   0x00000002   PAD
    0x080025dc   0x080025dc   0x00000022   Code   RO          362    .text.HAL_RCC_GetPCLK2Freq  stm32f1xx_hal_rcc.o
    0x080025fe   0x080025fe   0x00000002   PAD
    0x08002600   0x08002600   0x000000bc   Code   RO          350    .text.HAL_RCC_GetSysClockFreq  stm32f1xx_hal_rcc.o
    0x080026bc   0x080026bc   0x0000067a   Code   RO          344    .text.HAL_RCC_OscConfig  stm32f1xx_hal_rcc.o
    0x08002d36   0x08002d36   0x00000002   PAD
    0x08002d38   0x08002d38   0x00000010   Code   RO          476    .text.HAL_SYSTICK_Config  stm32f1xx_hal_cortex.o
    0x08002d48   0x08002d48   0x00000008   Code   RO          983    .text.HAL_TIMEx_BreakCallback  stm32f1xx_hal_tim_ex.o
    0x08002d50   0x08002d50   0x00000008   Code   RO          979    .text.HAL_TIMEx_CommutCallback  stm32f1xx_hal_tim_ex.o
    0x08002d58   0x08002d58   0x000000dc   Code   RO          973    .text.HAL_TIMEx_MasterConfigSynchronization  stm32f1xx_hal_tim_ex.o
    0x08002e34   0x08002e34   0x0000009c   Code   RO          660    .text.HAL_TIM_Base_Init  stm32f1xx_hal_tim.o
    0x08002ed0   0x08002ed0   0x00000082   Code   RO           81    .text.HAL_TIM_Base_MspInit  stm32f1xx_hal_msp.o
    0x08002f52   0x08002f52   0x00000002   PAD
    0x08002f54   0x08002f54   0x000000b0   Code   RO          674    .text.HAL_TIM_Base_Start_IT  stm32f1xx_hal_tim.o
    0x08003004   0x08003004   0x00000184   Code   RO          852    .text.HAL_TIM_ConfigClockSource  stm32f1xx_hal_tim.o
    0x08003188   0x08003188   0x00000008   Code   RO          796    .text.HAL_TIM_IC_CaptureCallback  stm32f1xx_hal_tim.o
    0x08003190   0x08003190   0x0000021a   Code   RO          794    .text.HAL_TIM_IRQHandler  stm32f1xx_hal_tim.o
    0x080033aa   0x080033aa   0x00000002   PAD
    0x080033ac   0x080033ac   0x0000005e   Code   RO           83    .text.HAL_TIM_MspPostInit  stm32f1xx_hal_msp.o
    0x0800340a   0x0800340a   0x00000002   PAD
    0x0800340c   0x0800340c   0x00000008   Code   RO          798    .text.HAL_TIM_OC_DelayElapsedCallback  stm32f1xx_hal_tim.o
    0x08003414   0x08003414   0x00000142   Code   RO          826    .text.HAL_TIM_PWM_ConfigChannel  stm32f1xx_hal_tim.o
    0x08003556   0x08003556   0x00000002   PAD
    0x08003558   0x08003558   0x0000009c   Code   RO          714    .text.HAL_TIM_PWM_Init  stm32f1xx_hal_tim.o
    0x080035f4   0x080035f4   0x00000008   Code   RO          716    .text.HAL_TIM_PWM_MspInit  stm32f1xx_hal_tim.o
    0x080035fc   0x080035fc   0x00000008   Code   RO          800    .text.HAL_TIM_PWM_PulseFinishedCallback  stm32f1xx_hal_tim.o
    0x08003604   0x08003604   0x00000028   Code   RO           13    .text.HAL_TIM_PeriodElapsedCallback  main.o
    0x0800362c   0x0800362c   0x00000008   Code   RO          804    .text.HAL_TIM_TriggerCallback  stm32f1xx_hal_tim.o
    0x08003634   0x08003634   0x0000009e   Code   RO          996    .text.HAL_UART_Init  stm32f1xx_hal_uart.o
    0x080036d2   0x080036d2   0x00000002   PAD
    0x080036d4   0x080036d4   0x00000098   Code   RO           87    .text.HAL_UART_MspInit  stm32f1xx_hal_msp.o
    0x0800376c   0x0800376c   0x00000130   Code   RO         1012    .text.HAL_UART_Transmit  stm32f1xx_hal_uart.o
    0x0800389c   0x0800389c   0x00000004   Code   RO           50    .text.HardFault_Handler  stm32f1xx_it.o
    0x080038a0   0x080038a0   0x00000064   Code   RO          273    .text.I2C_IsAcknowledgeFailed  stm32f1xx_hal_i2c.o
    0x08003904   0x08003904   0x000001e2   Code   RO          167    .text.I2C_RequestMemoryRead  stm32f1xx_hal_i2c.o
    0x08003ae6   0x08003ae6   0x00000002   PAD
    0x08003ae8   0x08003ae8   0x0000013a   Code   RO          163    .text.I2C_RequestMemoryWrite  stm32f1xx_hal_i2c.o
    0x08003c22   0x08003c22   0x00000002   PAD
    0x08003c24   0x08003c24   0x000000ac   Code   RO          127    .text.I2C_WaitOnBTFFlagUntilTimeout  stm32f1xx_hal_i2c.o
    0x08003cd0   0x08003cd0   0x00000108   Code   RO          121    .text.I2C_WaitOnFlagUntilTimeout  stm32f1xx_hal_i2c.o
    0x08003dd8   0x08003dd8   0x00000154   Code   RO          271    .text.I2C_WaitOnMasterAddressFlagUntilTimeout  stm32f1xx_hal_i2c.o
    0x08003f2c   0x08003f2c   0x000000dc   Code   RO          133    .text.I2C_WaitOnRXNEFlagUntilTimeout  stm32f1xx_hal_i2c.o
    0x08004008   0x08004008   0x000000a8   Code   RO          125    .text.I2C_WaitOnTXEFlagUntilTimeout  stm32f1xx_hal_i2c.o
    0x080040b0   0x080040b0   0x00000058   Code   RO         1151    .text.MPU6050_Calibrate_Gyro  mpu6050.o
    0x08004108   0x08004108   0x0000009c   Code   RO         1149    .text.MPU6050_ComputePitch  mpu6050.o
    0x080041a4   0x080041a4   0x000000fc   Code   RO         1141    .text.MPU6050_Init  mpu6050.o
    0x080042a0   0x080042a0   0x000000b6   Code   RO         1143    .text.MPU6050_Read_Accel  mpu6050.o
    0x08004356   0x08004356   0x00000002   PAD
    0x08004358   0x08004358   0x0000001c   Code   RO         1147    .text.MPU6050_Read_All  mpu6050.o
    0x08004374   0x08004374   0x000000d2   Code   RO         1145    .text.MPU6050_Read_Gyro  mpu6050.o
    0x08004446   0x08004446   0x00000002   PAD
    0x08004448   0x08004448   0x0000009a   Code   RO           19    .text.MX_GPIO_Init  main.o
    0x080044e2   0x080044e2   0x00000002   PAD
    0x080044e4   0x080044e4   0x00000048   Code   RO           21    .text.MX_I2C1_Init  main.o
    0x0800452c   0x0800452c   0x000000f2   Code   RO           23    .text.MX_TIM3_Init  main.o
    0x0800461e   0x0800461e   0x00000002   PAD
    0x08004620   0x08004620   0x00000084   Code   RO           27    .text.MX_TIM4_Init  main.o
    0x080046a4   0x080046a4   0x00000040   Code   RO           25    .text.MX_USART1_UART_Init  main.o
    0x080046e4   0x080046e4   0x00000004   Code   RO           52    .text.MemManage_Handler  stm32f1xx_it.o
    0x080046e8   0x080046e8   0x00000004   Code   RO           48    .text.NMI_Handler   stm32f1xx_it.o
    0x080046ec   0x080046ec   0x0000006c   Code   RO          462    .text.NVIC_EncodePriority  stm32f1xx_hal_cortex.o
    0x08004758   0x08004758   0x00000002   Code   RO           62    .text.PendSV_Handler  stm32f1xx_it.o
    0x0800475a   0x0800475a   0x00000002   PAD
    0x0800475c   0x0800475c   0x0000003a   Code   RO          346    .text.RCC_Delay     stm32f1xx_hal_rcc.o
    0x08004796   0x08004796   0x00000002   PAD
    0x08004798   0x08004798   0x00000002   Code   RO           58    .text.SVC_Handler   stm32f1xx_it.o
    0x0800479a   0x0800479a   0x00000002   PAD
    0x0800479c   0x0800479c   0x00000052   Code   RO          478    .text.SysTick_Config  stm32f1xx_hal_cortex.o
    0x080047ee   0x080047ee   0x00000002   PAD
    0x080047f0   0x080047f0   0x00000008   Code   RO           64    .text.SysTick_Handler  stm32f1xx_it.o
    0x080047f8   0x080047f8   0x0000006c   Code   RO           17    .text.SystemClock_Config  main.o
    0x08004864   0x08004864   0x00000002   Code   RO         1127    .text.SystemInit    system_stm32f1xx.o
    0x08004866   0x08004866   0x00000002   PAD
    0x08004868   0x08004868   0x00000010   Code   RO           66    .text.TIM4_IRQHandler  stm32f1xx_it.o
    0x08004878   0x08004878   0x00000106   Code   RO          664    .text.TIM_Base_SetConfig  stm32f1xx_hal_tim.o
    0x0800497e   0x0800497e   0x00000002   PAD
    0x08004980   0x08004980   0x00000034   Code   RO          850    .text.TIM_ETR_SetConfig  stm32f1xx_hal_tim.o
    0x080049b4   0x080049b4   0x0000002a   Code   RO          856    .text.TIM_ITRx_SetConfig  stm32f1xx_hal_tim.o
    0x080049de   0x080049de   0x00000002   PAD
    0x080049e0   0x080049e0   0x000000ce   Code   RO          808    .text.TIM_OC1_SetConfig  stm32f1xx_hal_tim.o
    0x08004aae   0x08004aae   0x00000002   PAD
    0x08004ab0   0x08004ab0   0x000000d8   Code   RO          810    .text.TIM_OC2_SetConfig  stm32f1xx_hal_tim.o
    0x08004b88   0x08004b88   0x000000d6   Code   RO          812    .text.TIM_OC3_SetConfig  stm32f1xx_hal_tim.o
    0x08004c5e   0x08004c5e   0x00000002   PAD
    0x08004c60   0x08004c60   0x00000096   Code   RO          814    .text.TIM_OC4_SetConfig  stm32f1xx_hal_tim.o
    0x08004cf6   0x08004cf6   0x00000002   PAD
    0x08004cf8   0x08004cf8   0x00000050   Code   RO          854    .text.TIM_TI1_ConfigInputStage  stm32f1xx_hal_tim.o
    0x08004d48   0x08004d48   0x00000052   Code   RO          858    .text.TIM_TI2_ConfigInputStage  stm32f1xx_hal_tim.o
    0x08004d9a   0x08004d9a   0x00000002   PAD
    0x08004d9c   0x08004d9c   0x00000094   Code   RO         1044    .text.UART_EndRxTransfer  stm32f1xx_hal_uart.o
    0x08004e30   0x08004e30   0x000000ba   Code   RO         1000    .text.UART_SetConfig  stm32f1xx_hal_uart.o
    0x08004eea   0x08004eea   0x00000002   PAD
    0x08004eec   0x08004eec   0x000000da   Code   RO         1014    .text.UART_WaitOnFlagUntilTimeout  stm32f1xx_hal_uart.o
    0x08004fc6   0x08004fc6   0x00000002   PAD
    0x08004fc8   0x08004fc8   0x00000004   Code   RO           56    .text.UsageFault_Handler  stm32f1xx_it.o
    0x08004fcc   0x08004fcc   0x00000030   Code   RO          466    .text.__NVIC_EnableIRQ  stm32f1xx_hal_cortex.o
    0x08004ffc   0x08004ffc   0x00000010   Code   RO          458    .text.__NVIC_GetPriorityGrouping  stm32f1xx_hal_cortex.o
    0x0800500c   0x0800500c   0x00000042   Code   RO          460    .text.__NVIC_SetPriority  stm32f1xx_hal_cortex.o
    0x0800504e   0x0800504e   0x00000002   PAD
    0x08005050   0x08005050   0x0000003c   Code   RO          454    .text.__NVIC_SetPriorityGrouping  stm32f1xx_hal_cortex.o
    0x0800508c   0x0800508c   0x00000022   Code   RO           11    .text.fputc         main.o
    0x080050ae   0x080050ae   0x00000002   PAD
    0x080050b0   0x080050b0   0x000001d0   Code   RO           15    .text.main          main.o
    0x08005280   0x08005280   0x0000003e   Code   RO         1401    CL$$btod_d2e        c_w.l(btod.o)
    0x080052be   0x080052be   0x00000046   Code   RO         1403    CL$$btod_d2e_denorm_low  c_w.l(btod.o)
    0x08005304   0x08005304   0x00000060   Code   RO         1402    CL$$btod_d2e_norm_op1  c_w.l(btod.o)
    0x08005364   0x08005364   0x00000338   Code   RO         1411    CL$$btod_div_common  c_w.l(btod.o)
    0x0800569c   0x0800569c   0x000000dc   Code   RO         1408    CL$$btod_e2e        c_w.l(btod.o)
    0x08005778   0x08005778   0x0000002a   Code   RO         1405    CL$$btod_ediv       c_w.l(btod.o)
    0x080057a2   0x080057a2   0x0000002a   Code   RO         1404    CL$$btod_emul       c_w.l(btod.o)
    0x080057cc   0x080057cc   0x00000244   Code   RO         1410    CL$$btod_mult_common  c_w.l(btod.o)
    0x08005a10   0x08005a10   0x00000028   Code   RO         1440    i.__ARM_fpclassify  m_ws.l(fpclassify.o)
    0x08005a38   0x08005a38   0x00000026   Code   RO         1320    i.__ARM_fpclassifyf  m_ws.l(fpclassifyf.o)
    0x08005a5e   0x08005a5e   0x00000004   Code   RO         1324    i.__mathlib_flt_infnan2  m_ws.l(funder.o)
    0x08005a62   0x08005a62   0x0000000a   Code   RO         1328    i.__mathlib_flt_underflow  m_ws.l(funder.o)
    0x08005a6c   0x08005a6c   0x0000000e   Code   RO         1268    i._is_digit         c_w.l(__printf_wp.o)
    0x08005a7a   0x08005a7a   0x00000002   PAD
    0x08005a7c   0x08005a7c   0x000002a4   Code   RO         1202    i.atan2f            m_ws.l(atan2f.o)
    0x08005d20   0x08005d20   0x0000002c   Code   RO         1206    i.sqrtf             m_ws.l(sqrtf.o)
    0x08005d4c   0x08005d4c   0x0000002c   Code   RO         1426    locale$$code        c_w.l(lc_numeric_c.o)
    0x08005d78   0x08005d78   0x0000002c   Code   RO         1447    locale$$code        c_w.l(lc_ctype_c.o)
    0x08005da4   0x08005da4   0x00000062   Code   RO         1169    x$fpl$d2f           fz_ws.l(d2f.o)
    0x08005e06   0x08005e06   0x00000002   PAD
    0x08005e08   0x08005e08   0x00000150   Code   RO         1171    x$fpl$dadd          fz_ws.l(daddsub_clz.o)
    0x08005f58   0x08005f58   0x000002b4   Code   RO         1178    x$fpl$ddiv          fz_ws.l(ddiv.o)
    0x0800620c   0x0800620c   0x0000002e   Code   RO         1182    x$fpl$dflt          fz_ws.l(dflt_clz.o)
    0x0800623a   0x0800623a   0x0000009c   Code   RO         1301    x$fpl$dnaninf       fz_ws.l(dnaninf.o)
    0x080062d6   0x080062d6   0x0000000c   Code   RO         1303    x$fpl$dretinf       fz_ws.l(dretinf.o)
    0x080062e2   0x080062e2   0x00000002   PAD
    0x080062e4   0x080062e4   0x000001dc   Code   RO         1173    x$fpl$dsub          fz_ws.l(daddsub_clz.o)
    0x080064c0   0x080064c0   0x00000056   Code   RO         1187    x$fpl$f2d           fz_ws.l(f2d.o)
    0x08006516   0x08006516   0x00000002   PAD
    0x08006518   0x08006518   0x000000c4   Code   RO         1189    x$fpl$fadd          fz_ws.l(faddsub_clz.o)
    0x080065dc   0x080065dc   0x0000000c   Code   RO         1436    x$fpl$fcheck1       fz_ws.l(fcheck1.o)
    0x080065e8   0x080065e8   0x00000184   Code   RO         1196    x$fpl$fdiv          fz_ws.l(fdiv.o)
    0x0800676c   0x0800676c   0x00000102   Code   RO         1199    x$fpl$fmul          fz_ws.l(fmul.o)
    0x0800686e   0x0800686e   0x0000008c   Code   RO         1305    x$fpl$fnaninf       fz_ws.l(fnaninf.o)
    0x080068fa   0x080068fa   0x0000000a   Code   RO         1307    x$fpl$fretinf       fz_ws.l(fretinf.o)
    0x08006904   0x08006904   0x00000014   Code   RO         1190    x$fpl$frsb          fz_ws.l(faddsub_clz.o)
    0x08006918   0x08006918   0x00000110   Code   RO         1309    x$fpl$fsqrt         fz_ws.l(fsqrt.o)
    0x08006a28   0x08006a28   0x000000ea   Code   RO         1191    x$fpl$fsub          fz_ws.l(faddsub_clz.o)
    0x08006b12   0x08006b12   0x00000004   Code   RO         1311    x$fpl$printf1       fz_ws.l(printf1.o)
    0x08006b16   0x08006b16   0x00000004   Code   RO         1313    x$fpl$printf2       fz_ws.l(printf2.o)
    0x08006b1a   0x08006b1a   0x00000064   Code   RO         1498    x$fpl$retnan        fz_ws.l(retnan.o)
    0x08006b7e   0x08006b7e   0x0000004c   Code   RO         1380    x$fpl$scalbnf       fz_ws.l(scalbnf.o)
    0x08006bca   0x08006bca   0x00000030   Code   RO         1513    x$fpl$trapveneer    fz_ws.l(trapv.o)
    0x08006bfa   0x08006bfa   0x00000000   Code   RO         1319    x$fpl$usenofp       fz_ws.l(usenofp.o)
    0x08006bfa   0x08006bfa   0x00000002   PAD
    0x08006bfc   0x08006bfc   0x00000008   Data   RO         1227    .constdata          c_w.l(_printf_wctomb.o)
    0x08006c04   0x08006c04   0x00000028   Data   RO         1256    .constdata          c_w.l(_printf_hex_int_ll_ptr.o)
    0x08006c2c   0x08006c2c   0x00000011   Data   RO         1276    .constdata          c_w.l(__printf_flags_ss_wp.o)
    0x08006c3d   0x08006c3d   0x00000026   Data   RO         1365    .constdata          c_w.l(_printf_fp_hex.o)
    0x08006c63   0x08006c63   0x00000001   PAD
    0x08006c64   0x08006c64   0x00000094   Data   RO         1399    .constdata          c_w.l(bigflt0.o)
    0x08006cf8   0x08006cf8   0x00000010   Data   RO         1132    .rodata.AHBPrescTable  system_stm32f1xx.o
    0x08006d08   0x08006d08   0x00000008   Data   RO         1133    .rodata.APBPrescTable  system_stm32f1xx.o
    0x08006d10   0x08006d10   0x00000010   Data   RO          372    .rodata.HAL_RCC_GetSysClockFreq.aPLLMULFactorTable  stm32f1xx_hal_rcc.o
    0x08006d20   0x08006d20   0x00000002   Data   RO          373    .rodata.HAL_RCC_GetSysClockFreq.aPredivFactorTable  stm32f1xx_hal_rcc.o
    0x08006d22   0x08006d22   0x000000bd   Data   RO           35    .rodata.str1.1      main.o
    0x08006ddf   0x08006ddf   0x00000001   PAD
    0x08006de0   0x08006de0   0x00000020   Data   RO         1588    Region$$Table       anon$$obj.o
    0x08006e00   0x08006e00   0x0000001c   Data   RO         1425    locale$$data        c_w.l(lc_numeric_c.o)
    0x08006e1c   0x08006e1c   0x00000110   Data   RO         1446    locale$$data        c_w.l(lc_ctype_c.o)


    Execution Region RW_IRAM1 (Exec base: 0x20000000, Load base: 0x08006f30, Size: 0x00000828, Max: 0x00005000, ABSOLUTE)

    Exec Addr    Load Addr    Size         Type   Attr      Idx    E Section Name        Object

    0x20000000   0x08006f30   0x00000004   Data   RW         1131    .data.SystemCoreClock  system_stm32f1xx.o
    0x20000004   0x08006f34   0x00000004   Data   RW           32    .data.dt            main.o
    0x20000008   0x08006f38   0x00000001   Data   RW          333    .data.uwTickFreq    stm32f1xx_hal.o
    0x20000009   0x08006f39   0x00000003   PAD
    0x2000000c   0x08006f3c   0x00000004   Data   RW          332    .data.uwTickPrio    stm32f1xx_hal.o
    0x20000010        -       0x00000060   Zero   RW         1383    .bss                c_w.l(libspace.o)
    0x20000070        -       0x00000054   Zero   RW           39    .bss.__stdout       main.o
    0x200000c4        -       0x00000001   Zero   RW           31    .bss.f_mpu          main.o
    0x200000c5   0x08006f40   0x00000003   PAD
    0x200000c8        -       0x00000054   Zero   RW           34    .bss.hi2c1          main.o
    0x2000011c        -       0x00000048   Zero   RW           38    .bss.htim3          main.o
    0x20000164        -       0x00000048   Zero   RW           37    .bss.htim4          main.o
    0x200001ac        -       0x00000048   Zero   RW           33    .bss.huart1         main.o
    0x200001f4        -       0x00000030   Zero   RW           36    .bss.mpu_data       main.o
    0x20000224        -       0x00000004   Zero   RW          334    .bss.uwTick         stm32f1xx_hal.o
    0x20000228        -       0x00000200   Zero   RW            2    HEAP                startup_stm32f103xb.o
    0x20000428        -       0x00000400   Zero   RW            1    STACK               startup_stm32f103xb.o


==============================================================================

Image component sizes


      Code (inc. data)   RO Data    RW Data    ZI Data      Debug   Object Name

      1324          0        189          4        433      10333   main.o
       916          0          0          0          0       5034   mpu6050.o
        64         26        236          0       1536        820   startup_stm32f103xb.o
       254          0          0          5          4       5577   stm32f1xx_hal.o
       482          0          0          0          0       7563   stm32f1xx_hal_cortex.o
       844          0          0          0          0       4241   stm32f1xx_hal_gpio.o
      4510          0          0          0          0      37481   stm32f1xx_hal_i2c.o
       602          0          0          0          0       9197   stm32f1xx_hal_msp.o
      2582          0         18          0          0       7442   stm32f1xx_hal_rcc.o
      3080         14          0          0          0      35695   stm32f1xx_hal_tim.o
       236          0          0          0          0      15124   stm32f1xx_hal_tim_ex.o
      1014          0          0          0          0      20068   stm32f1xx_hal_uart.o
        50          0          0          0          0       1124   stm32f1xx_it.o
         2          0         24          4          0       1584   system_stm32f1xx.o

    ----------------------------------------------------------------------
     16040         40        500         16       1976     161283   Object Totals
         0          0         32          0          0          0   (incl. Generated)
        80          0          1          3          3          0   (incl. Padding)

    ----------------------------------------------------------------------

      Code (inc. data)   RO Data    RW Data    ZI Data      Debug   Library Member Name

         8          0          0          0          0         68   __main.o
       392          4         17          0          0         92   __printf_flags_ss_wp.o
        14          0          0          0          0         68   __printf_wp.o
         0          0          0          0          0          0   __rtentry.o
        12          0          0          0          0          0   __rtentry2.o
         6          0          0          0          0          0   __rtentry4.o
        94          8          0          0          0          0   __scatter.o
        26          0          0          0          0          0   __scatter_copy.o
        28          0          0          0          0          0   __scatter_zi.o
        72          0          0          0          0         96   _c16rtomb.o
         6          0          0          0          0          0   _printf_a.o
         6          0          0          0          0          0   _printf_c.o
        44          0          0          0          0        108   _printf_char.o
        48          6          0          0          0         96   _printf_char_common.o
        36          4          0          0          0         80   _printf_char_file.o
        40          0          0          0          0         68   _printf_charcount.o
         6          0          0          0          0          0   _printf_d.o
       120         16          0          0          0         92   _printf_dec.o
         6          0          0          0          0          0   _printf_e.o
         6          0          0          0          0          0   _printf_f.o
      1052          0          0          0          0        148   _printf_fp_dec.o
       764          8         38          0          0        100   _printf_fp_hex.o
       128         16          0          0          0         84   _printf_fp_infnan.o
         6          0          0          0          0          0   _printf_g.o
       148          4         40          0          0        160   _printf_hex_int_ll_ptr.o
         6          0          0          0          0          0   _printf_i.o
       178          0          0          0          0         88   _printf_intcommon.o
        10          0          0          0          0          0   _printf_l.o
         6          0          0          0          0          0   _printf_lc.o
        10          0          0          0          0          0   _printf_ll.o
         6          0          0          0          0          0   _printf_lld.o
         6          0          0          0          0          0   _printf_lli.o
         6          0          0          0          0          0   _printf_llo.o
         6          0          0          0          0          0   _printf_llu.o
         6          0          0          0          0          0   _printf_llx.o
       124         16          0          0          0         92   _printf_longlong_dec.o
         6          0          0          0          0          0   _printf_ls.o
         6          0          0          0          0          0   _printf_n.o
         6          0          0          0          0          0   _printf_o.o
       112          8          0          0          0        124   _printf_oct_int_ll.o
         6          0          0          0          0          0   _printf_p.o
        78          0          0          0          0        108   _printf_pad.o
         0          0          0          0          0          0   _printf_percent.o
         4          0          0          0          0          0   _printf_percent_end.o
         6          0          0          0          0          0   _printf_s.o
        82          0          0          0          0         80   _printf_str.o
        36          0          0          0          0         84   _printf_truncate.o
         6          0          0          0          0          0   _printf_u.o
        44          0          0          0          0        108   _printf_wchar.o
       188          6          8          0          0         92   _printf_wctomb.o
         6          0          0          0          0          0   _printf_x.o
        22          0          0          0          0        100   _rserrno.o
       228          4        148          0          0         96   bigflt0.o
      1936        128          0          0          0        668   btod.o
        18          0          0          0          0         80   exit.o
         8          0          0          0          0         68   ferror.o
         6          0          0          0          0        152   heapauxi.o
         0          0          0          0          0          0   indicate_semi.o
        44         10        272          0          0         76   lc_ctype_c.o
        44         10         28          0          0         76   lc_numeric_c.o
         2          0          0          0          0          0   libinit.o
        30          0          0          0          0          0   libinit2.o
         2          0          0          0          0          0   libshutdown.o
         2          0          0          0          0          0   libshutdown2.o
         8          4          0          0         96         68   libspace.o
       138          0          0          0          0         80   lludiv10.o
        24          4          0          0          0         84   printf.o
        16          4          0          0          0         76   rt_ctype_table.o
         8          4          0          0          0         68   rt_errno_addr_intlibspace.o
         8          4          0          0          0         68   rt_locale_intlibspace.o
        78          0          0          0          0         80   rt_memclr_w.o
         2          0          0          0          0          0   rtexit.o
        10          0          0          0          0          0   rtexit2.o
       128          0          0          0          0         68   strcmpv7m.o
        12          4          0          0          0         68   sys_exit.o
        74          0          0          0          0         80   sys_stackheap_outer.o
         2          0          0          0          0         68   use_no_semi.o
        98          4          0          0          0         92   d2f.o
       812         16          0          0          0        296   daddsub_clz.o
       692        140          0          0          0        216   ddiv.o
        46          0          0          0          0         68   dflt_clz.o
       156          4          0          0          0         92   dnaninf.o
        12          0          0          0          0         68   dretinf.o
        86          4          0          0          0         84   f2d.o
       450          8          0          0          0        236   faddsub_clz.o
        12          4          0          0          0         68   fcheck1.o
       388         76          0          0          0         96   fdiv.o
       258          4          0          0          0         84   fmul.o
       140          4          0          0          0         84   fnaninf.o
        10          0          0          0          0         68   fretinf.o
       272        100          0          0          0         88   fsqrt.o
         4          0          0          0          0         68   printf1.o
         4          0          0          0          0         68   printf2.o
       100          0          0          0          0         68   retnan.o
        76          0          0          0          0         68   scalbnf.o
        48          0          0          0          0         68   trapv.o
         0          0          0          0          0          0   usenofp.o
       676         78          0          0          0        116   atan2f.o
        40          0          0          0          0         68   fpclassify.o
        38          0          0          0          0         68   fpclassifyf.o
        14          0          0          0          0        136   funder.o
        44          0          0          0          0         80   sqrtf.o

    ----------------------------------------------------------------------
     11368        714        552          0         96       6608   Library Totals
        24          0          1          0          0          0   (incl. Padding)

    ----------------------------------------------------------------------

      Code (inc. data)   RO Data    RW Data    ZI Data      Debug   Library Name

      6868        272        551          0         96       4160   c_w.l
      3664        364          0          0          0       1980   fz_ws.l
       812         78          0          0          0        468   m_ws.l

    ----------------------------------------------------------------------
     11368        714        552          0         96       6608   Library Totals

    ----------------------------------------------------------------------

==============================================================================


      Code (inc. data)   RO Data    RW Data    ZI Data      Debug   

     27408        754       1052         16       2072     164075   Grand Totals
     27408        754       1052         16       2072     164075   ELF Image Totals
     27408        754       1052         16          0          0   ROM Totals

==============================================================================

    Total RO  Size (Code + RO Data)                28460 (  27.79kB)
    Total RW  Size (RW Data + ZI Data)              2088 (   2.04kB)
    Total ROM Size (Code + RO Data + RW Data)      28476 (  27.81kB)

==============================================================================

